2026-07-16 13:02:31 [INFO] recompute_route_metrics: Schema ensured: C:\Users\hrchen\Documents\EMSXView\CostView\data\fill_bdib.db
2026-07-16 13:02:32 [INFO] recompute_route_metrics: \u6267\u884c\u9636\u6bb5: 5.5. Compute Route Metrics
2026-07-16 13:02:32 [INFO] DataPipeline.orchestration.base: ============================================================
2026-07-16 13:02:32 [INFO] DataPipeline.orchestration.base: ==> Starting Stage: 5.5. Compute Route Metrics
2026-07-16 13:02:32 [INFO] DataPipeline.orchestration.base: ============================================================
2026-07-16 13:02:36 [INFO] DataPipeline.orchestration.stages_process:   RouteMetrics 20250915: no routes computed
2026-07-16 13:02:41 [INFO] DataPipeline.orchestration.stages_process:   RouteMetrics 20250916: no routes computed
2026-07-16 13:02:45 [INFO] DataPipeline.orchestration.stages_process:   RouteMetrics 20250917: no routes computed
2026-07-16 13:02:49 [INFO] DataPipeline.orchestration.stages_process:   RouteMetrics 20250918: no routes computed
2026-07-16 13:02:54 [INFO] DataPipeline.orchestration.stages_process:   RouteMetrics 20250919: no routes computed
2026-07-16 13:02:58 [INFO] DataPipeline.orchestration.stages_process:   RouteMetrics 20250922: no routes computed
2026-07-16 13:03:03 [INFO] DataPipeline.orchestration.stages_process:   RouteMetrics 20250923: no routes computed
2026-07-16 13:03:08 [INFO] DataPipeline.orchestration.stages_process:   RouteMetrics 20250924: no routes computed
2026-07-16 13:03:12 [INFO] DataPipeline.orchestration.stages_process:   RouteMetrics 20250925: no routes computed
2026-07-16 13:03:17 [INFO] DataPipeline.orchestration.stages_process:   RouteMetrics 20250926: no routes computed
2026-07-16 13:03:21 [INFO] DataPipeline.orchestration.stages_process:   RouteMetrics 20250929: no routes computed
2026-07-16 13:03:26 [INFO] DataPipeline.orchestration.stages_process:   RouteMetrics 20250930: no routes computed
2026-07-16 13:03:31 [INFO] DataPipeline.orchestration.stages_process:   RouteMetrics 20251001: no routes computed
2026-07-16 13:03:35 [INFO] DataPipeline.orchestration.stages_process:   RouteMetrics 20251002: no routes computed
2026-07-16 13:03:40 [INFO] DataPipeline.orchestration.stages_process:   RouteMetrics 20251003: no routes computed
2026-07-16 13:03:45 [INFO] DataPipeline.orchestration.stages_process:   RouteMetrics 20251006: no routes computed
2026-07-16 13:03:49 [INFO] DataPipeline.orchestration.stages_process:   RouteMetrics 20251007: no routes computed
2026-07-16 13:03:54 [INFO] DataPipeline.orchestration.stages_process:   RouteMetrics 20251008: no routes computed
2026-07-16 13:03:58 [INFO] DataPipeline.orchestration.stages_process:   RouteMetrics 20251009: no routes computed
2026-07-16 13:04:03 [INFO] DataPipeline.orchestration.stages_process:   RouteMetrics 20251010: no routes computed
2026-07-16 13:04:07 [INFO] DataPipeline.orchestration.stages_process:   RouteMetrics 20251013: no routes computed
2026-07-16 13:04:12 [INFO] DataPipeline.orchestration.stages_process:   RouteMetrics 20251014: no routes computed
2026-07-16 13:04:17 [INFO] DataPipeline.orchestration.stages_process:   RouteMetrics 20251015: no routes computed
2026-07-16 13:04:21 [INFO] DataPipeline.orchestration.stages_process:   RouteMetrics 20251016: no routes computed
2026-07-16 13:04:26 [INFO] DataPipeline.orchestration.stages_process:   RouteMetrics 20251017: no routes computed
2026-07-16 13:04:30 [INFO] DataPipeline.orchestration.stages_process:   RouteMetrics 20251020: no routes computed
2026-07-16 13:04:35 [INFO] DataPipeline.orchestration.stages_process:   RouteMetrics 20251021: no routes computed
2026-07-16 13:04:39 [INFO] DataPipeline.orchestration.stages_process:   RouteMetrics 20251022: no routes computed
2026-07-16 13:04:44 [INFO] DataPipeline.orchestration.stages_process:   RouteMetrics 20251023: no routes computed
2026-07-16 13:04:49 [INFO] DataPipeline.orchestration.stages_process:   RouteMetrics 20251024: no routes computed
2026-07-16 13:04:53 [INFO] DataPipeline.orchestration.stages_process:   RouteMetrics 20251027: no routes computed
2026-07-16 13:04:58 [INFO] DataPipeline.orchestration.stages_process:   RouteMetrics 20251028: no routes computed
2026-07-16 13:05:03 [INFO] DataPipeline.orchestration.stages_process:   RouteMetrics 20251029: no routes computed
2026-07-16 13:05:07 [INFO] DataPipeline.orchestration.stages_process:   RouteMetrics 20251030: no routes computed
2026-07-16 13:05:12 [INFO] DataPipeline.orchestration.stages_process:   RouteMetrics 20251031: no routes computed
2026-07-16 13:05:17 [INFO] DataPipeline.orchestration.stages_process:   RouteMetrics 20251103: no routes computed
2026-07-16 13:05:22 [INFO] DataPipeline.orchestration.stages_process:   RouteMetrics 20251104: no routes computed
2026-07-16 13:05:26 [INFO] DataPipeline.orchestration.stages_process:   RouteMetrics 20251105: no routes computed
2026-07-16 13:05:30 [INFO] DataPipeline.orchestration.stages_process:   RouteMetrics 20251106: no routes computed
2026-07-16 13:05:35 [INFO] DataPipeline.orchestration.stages_process:   RouteMetrics 20251107: no routes computed
2026-07-16 13:05:40 [INFO] DataPipeline.orchestration.stages_process:   RouteMetrics 20251110: no routes computed
2026-07-16 13:05:44 [INFO] DataPipeline.orchestration.stages_process:   RouteMetrics 20251111: no routes computed
2026-07-16 13:05:49 [INFO] DataPipeline.orchestration.stages_process:   RouteMetrics 20251112: no routes computed
2026-07-16 13:05:54 [INFO] DataPipeline.orchestration.stages_process:   RouteMetrics 20251113: no routes computed
2026-07-16 13:05:59 [INFO] DataPipeline.orchestration.stages_process:   RouteMetrics 20251114: no routes computed
2026-07-16 13:06:04 [INFO] DataPipeline.orchestration.stages_process:   RouteMetrics 20251117: no routes computed
2026-07-16 13:06:08 [INFO] DataPipeline.orchestration.stages_process:   RouteMetrics 20251118: no routes computed
2026-07-16 13:06:13 [INFO] DataPipeline.orchestration.stages_process:   RouteMetrics 20251119: no routes computed
2026-07-16 13:06:17 [INFO] DataPipeline.orchestration.stages_process:   RouteMetrics 20251120: no routes computed
2026-07-16 13:06:22 [INFO] DataPipeline.orchestration.stages_process:   RouteMetrics 20251121: no routes computed
2026-07-16 13:06:32 [INFO] DataPipeline.orchestration.stages_process:   RouteMetrics 20251124: no routes computed
2026-07-16 13:06:37 [INFO] DataPipeline.orchestration.stages_process:   RouteMetrics 20251125: no routes computed
2026-07-16 13:06:41 [INFO] DataPipeline.orchestration.stages_process:   RouteMetrics 20251126: no routes computed
2026-07-16 13:06:48 [INFO] DataPipeline.orchestration.stages_process:   RouteMetrics 20251127: no routes computed
2026-07-16 13:06:53 [INFO] DataPipeline.orchestration.stages_process:   RouteMetrics 20251128: no routes computed
2026-07-16 13:06:57 [INFO] DataPipeline.orchestration.stages_process:   RouteMetrics 20251201: no routes computed
2026-07-16 13:07:02 [INFO] DataPipeline.orchestration.stages_process:   RouteMetrics 20251202: no routes computed
2026-07-16 13:07:07 [INFO] DataPipeline.orchestration.stages_process:   RouteMetrics 20251203: no routes computed
2026-07-16 13:07:11 [INFO] DataPipeline.orchestration.stages_process:   RouteMetrics 20251204: no routes computed
2026-07-16 13:07:16 [INFO] DataPipeline.orchestration.stages_process:   RouteMetrics 20251205: no routes computed
2026-07-16 13:07:21 [INFO] DataPipeline.orchestration.stages_process:   RouteMetrics 20251208: no routes computed
2026-07-16 13:07:26 [INFO] DataPipeline.orchestration.stages_process:   RouteMetrics 20251209: no routes computed
2026-07-16 13:07:31 [INFO] DataPipeline.orchestration.stages_process:   RouteMetrics 20251210: no routes computed
2026-07-16 13:07:36 [INFO] DataPipeline.orchestration.stages_process:   RouteMetrics 20251211: no routes computed
2026-07-16 13:07:42 [INFO] DataPipeline.orchestration.stages_process:   RouteMetrics 20251212: no routes computed
2026-07-16 13:07:46 [INFO] DataPipeline.orchestration.stages_process:   RouteMetrics 20251215: no routes computed
2026-07-16 13:07:51 [INFO] DataPipeline.orchestration.stages_process:   RouteMetrics 20251216: no routes computed
2026-07-16 13:07:57 [INFO] DataPipeline.orchestration.stages_process:   RouteMetrics 20251217: no routes computed
2026-07-16 13:08:02 [INFO] DataPipeline.orchestration.stages_process:   RouteMetrics 20251218: no routes computed
2026-07-16 13:08:06 [INFO] DataPipeline.orchestration.stages_process:   RouteMetrics 20251219: no routes computed
2026-07-16 13:08:11 [INFO] DataPipeline.orchestration.stages_process:   RouteMetrics 20251222: no routes computed
2026-07-16 13:08:16 [INFO] DataPipeline.orchestration.stages_process:   RouteMetrics 20251223: no routes computed
2026-07-16 13:08:21 [INFO] DataPipeline.orchestration.stages_process:   RouteMetrics 20251224: no routes computed
2026-07-16 13:08:27 [INFO] DataPipeline.orchestration.stages_process:   RouteMetrics 20251226: no routes computed
2026-07-16 13:08:32 [INFO] DataPipeline.orchestration.stages_process:   RouteMetrics 20251229: no routes computed
2026-07-16 13:08:39 [INFO] DataPipeline.orchestration.stages_process:   RouteMetrics 20251230: no routes computed
2026-07-16 13:08:43 [INFO] DataPipeline.orchestration.stages_process:   RouteMetrics 20251231: no routes computed
2026-07-16 13:08:50 [INFO] DataPipeline.orchestration.stages_process:   RouteMetrics 20260105: no routes computed
2026-07-16 13:08:56 [INFO] DataPipeline.orchestration.stages_process:   RouteMetrics 20260106: no routes computed
2026-07-16 13:09:02 [INFO] DataPipeline.orchestration.stages_process:   RouteMetrics 20260107: no routes computed
2026-07-16 13:09:08 [INFO] DataPipeline.orchestration.stages_process:   RouteMetrics 20260108: no routes computed
2026-07-16 13:09:14 [INFO] DataPipeline.orchestration.stages_process:   RouteMetrics 20260109: no routes computed
2026-07-16 13:09:19 [INFO] DataPipeline.orchestration.stages_process:   RouteMetrics 20260112: no routes computed
2026-07-16 13:09:25 [INFO] DataPipeline.orchestration.stages_process:   RouteMetrics 20260113: no routes computed
2026-07-16 13:09:31 [INFO] DataPipeline.orchestration.stages_process:   RouteMetrics 20260114: no routes computed
2026-07-16 13:09:38 [INFO] DataPipeline.orchestration.stages_process:   RouteMetrics 20260115: no routes computed
2026-07-16 13:09:44 [INFO] DataPipeline.orchestration.stages_process:   RouteMetrics 20260116: no routes computed
2026-07-16 13:09:49 [INFO] DataPipeline.orchestration.stages_process:   RouteMetrics 20260119: no routes computed
2026-07-16 13:09:55 [INFO] DataPipeline.orchestration.stages_process:   RouteMetrics 20260120: no routes computed
2026-07-16 13:10:02 [INFO] DataPipeline.orchestration.stages_process:   RouteMetrics 20260121: no routes computed
2026-07-16 13:10:07 [INFO] DataPipeline.orchestration.stages_process:   RouteMetrics 20260122: no routes computed
2026-07-16 13:10:13 [INFO] DataPipeline.orchestration.stages_process:   RouteMetrics 20260123: no routes computed
2026-07-16 13:10:19 [INFO] DataPipeline.orchestration.stages_process:   RouteMetrics 20260126: no routes computed
2026-07-16 13:10:26 [INFO] DataPipeline.orchestration.stages_process:   RouteMetrics 20260127: no routes computed
2026-07-16 13:10:33 [INFO] DataPipeline.orchestration.stages_process:   RouteMetrics 20260128: no routes computed
2026-07-16 13:10:40 [INFO] DataPipeline.orchestration.stages_process:   RouteMetrics 20260129: no routes computed
2026-07-16 13:10:47 [INFO] DataPipeline.orchestration.stages_process:   RouteMetrics 20260130: no routes computed
2026-07-16 13:10:53 [INFO] DataPipeline.orchestration.stages_process:   RouteMetrics 20260202: no routes computed
2026-07-16 13:11:00 [INFO] DataPipeline.orchestration.stages_process:   RouteMetrics 20260203: no routes computed
2026-07-16 13:11:05 [INFO] DataPipeline.orchestration.stages_process:   RouteMetrics 20260204: no routes computed
2026-07-16 13:11:11 [INFO] DataPipeline.orchestration.stages_process:   RouteMetrics 20260205: no routes computed
2026-07-16 13:11:17 [INFO] DataPipeline.orchestration.stages_process:   RouteMetrics 20260206: no routes computed
2026-07-16 13:11:23 [INFO] DataPipeline.orchestration.stages_process:   RouteMetrics 20260209: no routes computed
2026-07-16 13:11:29 [INFO] DataPipeline.orchestration.stages_process:   RouteMetrics 20260210: no routes computed
2026-07-16 13:11:35 [INFO] DataPipeline.orchestration.stages_process:   RouteMetrics 20260211: no routes computed
2026-07-16 13:11:40 [INFO] DataPipeline.orchestration.stages_process:   RouteMetrics 20260212: no routes computed
2026-07-16 13:11:47 [INFO] DataPipeline.orchestration.stages_process:   RouteMetrics 20260213: no routes computed
2026-07-16 13:11:51 [INFO] DataPipeline.orchestration.stages_process:   RouteMetrics 20260216: no routes computed
2026-07-16 13:11:56 [INFO] DataPipeline.orchestration.stages_process:   RouteMetrics 20260217: no routes computed
2026-07-16 13:12:01 [INFO] DataPipeline.orchestration.stages_process:   RouteMetrics 20260218: no routes computed
2026-07-16 13:12:07 [INFO] DataPipeline.orchestration.stages_process:   RouteMetrics 20260219: no routes computed
2026-07-16 13:12:12 [INFO] DataPipeline.orchestration.stages_process:   RouteMetrics 20260220: no routes computed
2026-07-16 13:12:17 [INFO] DataPipeline.orchestration.stages_process:   RouteMetrics 20260223: no routes computed
2026-07-16 13:12:23 [INFO] DataPipeline.orchestration.stages_process:   RouteMetrics 20260224: no routes computed
2026-07-16 13:12:29 [INFO] DataPipeline.orchestration.stages_process:   RouteMetrics 20260225: no routes computed
2026-07-16 13:12:35 [INFO] DataPipeline.orchestration.stages_process:   RouteMetrics 20260226: no routes computed
2026-07-16 13:12:43 [INFO] DataPipeline.orchestration.stages_process:   RouteMetrics 20260227: no routes computed
2026-07-16 13:12:59 [INFO] DataPipeline.orchestration.stages_process:   RouteMetrics 20260302: no routes computed
2026-07-16 13:13:15 [INFO] DataPipeline.orchestration.stages_process:   RouteMetrics 20260303: no routes computed
2026-07-16 13:13:32 [INFO] DataPipeline.orchestration.stages_process:   RouteMetrics 20260304: no routes computed
2026-07-16 13:19:57 [INFO] DataPipeline.storage.repositories.integrated: Upserted 1515 tca_route_summary rows
2026-07-16 13:19:57 [INFO] DataPipeline.orchestration.stages_process:   RouteMetrics 20260305: computed 1515 routes
2026-07-16 13:25:55 [INFO] DataPipeline.storage.repositories.integrated: Upserted 1421 tca_route_summary rows
2026-07-16 13:25:55 [INFO] DataPipeline.orchestration.stages_process:   RouteMetrics 20260306: computed 1421 routes
2026-07-16 13:33:06 [INFO] DataPipeline.storage.repositories.integrated: Upserted 1470 tca_route_summary rows
2026-07-16 13:33:06 [INFO] DataPipeline.orchestration.stages_process:   RouteMetrics 20260309: computed 1470 routes
2026-07-16 13:38:42 [INFO] DataPipeline.storage.repositories.integrated: Upserted 1174 tca_route_summary rows
2026-07-16 13:38:42 [INFO] DataPipeline.orchestration.stages_process:   RouteMetrics 20260310: computed 1174 routes
2026-07-16 13:42:28 [INFO] DataPipeline.storage.repositories.integrated: Upserted 983 tca_route_summary rows
2026-07-16 13:42:28 [INFO] DataPipeline.orchestration.stages_process:   RouteMetrics 20260311: computed 983 routes
2026-07-16 13:47:21 [INFO] DataPipeline.storage.repositories.integrated: Upserted 1292 tca_route_summary rows
2026-07-16 13:47:21 [INFO] DataPipeline.orchestration.stages_process:   RouteMetrics 20260312: computed 1292 routes
2026-07-16 13:51:54 [INFO] DataPipeline.storage.repositories.integrated: Upserted 1291 tca_route_summary rows
2026-07-16 13:51:54 [INFO] DataPipeline.orchestration.stages_process:   RouteMetrics 20260313: computed 1291 routes
2026-07-16 13:55:17 [INFO] DataPipeline.storage.repositories.integrated: Upserted 957 tca_route_summary rows
2026-07-16 13:55:17 [INFO] DataPipeline.orchestration.stages_process:   RouteMetrics 20260316: computed 957 routes
2026-07-16 13:59:26 [INFO] DataPipeline.storage.repositories.integrated: Upserted 1066 tca_route_summary rows
2026-07-16 13:59:26 [INFO] DataPipeline.orchestration.stages_process:   RouteMetrics 20260317: computed 1066 routes
2026-07-16 14:02:45 [INFO] DataPipeline.storage.repositories.integrated: Upserted 946 tca_route_summary rows
2026-07-16 14:02:45 [INFO] DataPipeline.orchestration.stages_process:   RouteMetrics 20260318: computed 946 routes
2026-07-16 14:05:56 [INFO] DataPipeline.storage.repositories.integrated: Upserted 789 tca_route_summary rows
2026-07-16 14:05:56 [INFO] DataPipeline.orchestration.stages_process:   RouteMetrics 20260319: computed 789 routes
2026-07-16 14:08:36 [INFO] DataPipeline.storage.repositories.integrated: Upserted 594 tca_route_summary rows
2026-07-16 14:08:36 [INFO] DataPipeline.orchestration.stages_process:   RouteMetrics 20260320: computed 594 routes
2026-07-16 14:12:18 [INFO] DataPipeline.storage.repositories.integrated: Upserted 739 tca_route_summary rows
2026-07-16 14:12:18 [INFO] DataPipeline.orchestration.stages_process:   RouteMetrics 20260323: computed 739 routes
2026-07-16 14:18:06 [INFO] DataPipeline.storage.repositories.integrated: Upserted 1249 tca_route_summary rows
2026-07-16 14:18:06 [INFO] DataPipeline.orchestration.stages_process:   RouteMetrics 20260324: computed 1249 routes
2026-07-16 14:20:35 [INFO] DataPipeline.storage.repositories.integrated: Upserted 482 tca_route_summary rows
2026-07-16 14:20:35 [INFO] DataPipeline.orchestration.stages_process:   RouteMetrics 20260325: computed 482 routes
2026-07-16 14:24:54 [INFO] DataPipeline.storage.repositories.integrated: Upserted 1121 tca_route_summary rows
2026-07-16 14:24:54 [INFO] DataPipeline.orchestration.stages_process:   RouteMetrics 20260326: computed 1121 routes
2026-07-16 14:28:57 [INFO] DataPipeline.storage.repositories.integrated: Upserted 1047 tca_route_summary rows
2026-07-16 14:28:57 [INFO] DataPipeline.orchestration.stages_process:   RouteMetrics 20260327: computed 1047 routes
2026-07-16 14:35:20 [INFO] DataPipeline.storage.repositories.integrated: Upserted 1485 tca_route_summary rows
2026-07-16 14:35:20 [INFO] DataPipeline.orchestration.stages_process:   RouteMetrics 20260330: computed 1485 routes
2026-07-16 14:39:16 [INFO] DataPipeline.storage.repositories.integrated: Upserted 903 tca_route_summary rows
2026-07-16 14:39:16 [INFO] DataPipeline.orchestration.stages_process:   RouteMetrics 20260331: computed 903 routes
2026-07-16 14:42:46 [INFO] DataPipeline.storage.repositories.integrated: Upserted 735 tca_route_summary rows
2026-07-16 14:42:46 [INFO] DataPipeline.orchestration.stages_process:   RouteMetrics 20260401: computed 735 routes
2026-07-16 14:45:55 [INFO] DataPipeline.storage.repositories.integrated: Upserted 836 tca_route_summary rows
2026-07-16 14:45:56 [INFO] DataPipeline.orchestration.stages_process:   RouteMetrics 20260402: computed 836 routes
2026-07-16 14:46:00 [INFO] DataPipeline.storage.repositories.integrated: Upserted 18 tca_route_summary rows
2026-07-16 14:46:00 [INFO] DataPipeline.orchestration.stages_process:   RouteMetrics 20260403: computed 18 routes
2026-07-16 14:46:15 [INFO] DataPipeline.storage.repositories.integrated: Upserted 41 tca_route_summary rows
2026-07-16 14:46:15 [INFO] DataPipeline.orchestration.stages_process:   RouteMetrics 20260406: computed 41 routes
2026-07-16 14:47:10 [INFO] DataPipeline.storage.repositories.integrated: Upserted 213 tca_route_summary rows
2026-07-16 14:47:10 [INFO] DataPipeline.orchestration.stages_process:   RouteMetrics 20260407: computed 213 routes
2026-07-16 14:49:56 [INFO] DataPipeline.storage.repositories.integrated: Upserted 785 tca_route_summary rows
2026-07-16 14:49:56 [INFO] DataPipeline.orchestration.stages_process:   RouteMetrics 20260408: computed 785 routes
2026-07-16 14:52:03 [INFO] DataPipeline.storage.repositories.integrated: Upserted 516 tca_route_summary rows
2026-07-16 14:52:03 [INFO] DataPipeline.orchestration.stages_process:   RouteMetrics 20260409: computed 516 routes
2026-07-16 14:54:07 [INFO] DataPipeline.storage.repositories.integrated: Upserted 457 tca_route_summary rows
2026-07-16 14:54:07 [INFO] DataPipeline.orchestration.stages_process:   RouteMetrics 20260410: computed 457 routes
2026-07-16 14:57:50 [INFO] DataPipeline.storage.repositories.integrated: Upserted 711 tca_route_summary rows
2026-07-16 14:57:50 [INFO] DataPipeline.orchestration.stages_process:   RouteMetrics 20260413: computed 711 routes
2026-07-16 14:58:36 [INFO] DataPipeline.storage.repositories.integrated: Upserted 627 tca_route_summary rows
2026-07-16 14:58:36 [INFO] DataPipeline.orchestration.stages_process:   RouteMetrics 20260414: computed 627 routes
2026-07-16 14:59:30 [INFO] DataPipeline.storage.repositories.integrated: Upserted 683 tca_route_summary rows
2026-07-16 14:59:30 [INFO] DataPipeline.orchestration.stages_process:   RouteMetrics 20260415: computed 683 routes
2026-07-16 15:04:10 [INFO] DataPipeline.storage.repositories.integrated: Upserted 1132 tca_route_summary rows
2026-07-16 15:04:10 [INFO] DataPipeline.orchestration.stages_process:   RouteMetrics 20260416: computed 1132 routes
2026-07-16 15:05:38 [INFO] DataPipeline.storage.repositories.integrated: Upserted 284 tca_route_summary rows
2026-07-16 15:05:38 [INFO] DataPipeline.orchestration.stages_process:   RouteMetrics 20260417: computed 284 routes
2026-07-16 15:06:10 [INFO] DataPipeline.storage.repositories.integrated: Upserted 416 tca_route_summary rows
2026-07-16 15:06:10 [INFO] DataPipeline.orchestration.stages_process:   RouteMetrics 20260420: computed 416 routes
2026-07-16 15:06:53 [INFO] DataPipeline.storage.repositories.integrated: Upserted 453 tca_route_summary rows
2026-07-16 15:06:53 [INFO] DataPipeline.orchestration.stages_process:   RouteMetrics 20260421: computed 453 routes
2026-07-16 15:08:20 [INFO] DataPipeline.storage.repositories.integrated: Upserted 288 tca_route_summary rows
2026-07-16 15:08:20 [INFO] DataPipeline.orchestration.stages_process:   RouteMetrics 20260422: computed 288 routes
2026-07-16 15:10:23 [INFO] DataPipeline.storage.repositories.integrated: Upserted 459 tca_route_summary rows
2026-07-16 15:10:23 [INFO] DataPipeline.orchestration.stages_process:   RouteMetrics 20260423: computed 459 routes
2026-07-16 15:12:22 [INFO] DataPipeline.storage.repositories.integrated: Upserted 404 tca_route_summary rows
2026-07-16 15:12:22 [INFO] DataPipeline.orchestration.stages_process:   RouteMetrics 20260424: computed 404 routes
2026-07-16 15:14:18 [INFO] DataPipeline.storage.repositories.integrated: Upserted 384 tca_route_summary rows
2026-07-16 15:14:18 [INFO] DataPipeline.orchestration.stages_process:   RouteMetrics 20260427: computed 384 routes
2026-07-16 15:16:55 [INFO] DataPipeline.storage.repositories.integrated: Upserted 417 tca_route_summary rows
2026-07-16 15:16:55 [INFO] DataPipeline.orchestration.stages_process:   RouteMetrics 20260428: computed 417 routes
2026-07-16 15:18:41 [INFO] DataPipeline.storage.repositories.integrated: Upserted 411 tca_route_summary rows
2026-07-16 15:18:41 [INFO] DataPipeline.orchestration.stages_process:   RouteMetrics 20260429: computed 411 routes
2026-07-16 15:21:10 [INFO] DataPipeline.storage.repositories.integrated: Upserted 571 tca_route_summary rows
2026-07-16 15:21:10 [INFO] DataPipeline.orchestration.stages_process:   RouteMetrics 20260430: computed 571 routes
2026-07-16 15:21:41 [INFO] DataPipeline.storage.repositories.integrated: Upserted 164 tca_route_summary rows
2026-07-16 15:21:41 [INFO] DataPipeline.orchestration.stages_process:   RouteMetrics 20260501: computed 164 routes
2026-07-16 15:23:36 [INFO] DataPipeline.storage.repositories.integrated: Upserted 772 tca_route_summary rows
2026-07-16 15:23:36 [INFO] DataPipeline.orchestration.stages_process:   RouteMetrics 20260504: computed 772 routes
2026-07-16 15:26:30 [INFO] DataPipeline.storage.repositories.integrated: Upserted 706 tca_route_summary rows
2026-07-16 15:26:30 [INFO] DataPipeline.orchestration.stages_process:   RouteMetrics 20260505: computed 706 routes
2026-07-16 15:29:48 [INFO] DataPipeline.storage.repositories.integrated: Upserted 726 tca_route_summary rows
2026-07-16 15:29:48 [INFO] DataPipeline.orchestration.stages_process:   RouteMetrics 20260506: computed 726 routes
2026-07-16 15:32:51 [INFO] DataPipeline.storage.repositories.integrated: Upserted 645 tca_route_summary rows
2026-07-16 15:32:51 [INFO] DataPipeline.orchestration.stages_process:   RouteMetrics 20260507: computed 645 routes
2026-07-16 15:36:36 [INFO] DataPipeline.storage.repositories.integrated: Upserted 871 tca_route_summary rows
2026-07-16 15:36:36 [INFO] DataPipeline.orchestration.stages_process:   RouteMetrics 20260508: computed 871 routes
2026-07-16 15:37:56 [INFO] DataPipeline.storage.repositories.integrated: Upserted 1288 tca_route_summary rows
2026-07-16 15:37:56 [INFO] DataPipeline.orchestration.stages_process:   RouteMetrics 20260511: computed 1288 routes
2026-07-16 15:39:54 [INFO] DataPipeline.storage.repositories.integrated: Upserted 1388 tca_route_summary rows
2026-07-16 15:39:54 [INFO] DataPipeline.orchestration.stages_process:   RouteMetrics 20260512: computed 1388 routes
2026-07-16 15:43:54 [INFO] DataPipeline.storage.repositories.integrated: Upserted 1112 tca_route_summary rows
2026-07-16 15:43:54 [INFO] DataPipeline.orchestration.stages_process:   RouteMetrics 20260513: computed 1112 routes
2026-07-16 15:46:50 [INFO] DataPipeline.storage.repositories.integrated: Upserted 667 tca_route_summary rows
2026-07-16 15:46:50 [INFO] DataPipeline.orchestration.stages_process:   RouteMetrics 20260514: computed 667 routes
2026-07-16 15:50:14 [INFO] DataPipeline.storage.repositories.integrated: Upserted 857 tca_route_summary rows
2026-07-16 15:50:14 [INFO] DataPipeline.orchestration.stages_process:   RouteMetrics 20260515: computed 857 routes
2026-07-16 15:55:29 [INFO] DataPipeline.storage.repositories.integrated: Upserted 1247 tca_route_summary rows
2026-07-16 15:55:29 [INFO] DataPipeline.orchestration.stages_process:   RouteMetrics 20260518: computed 1247 routes
2026-07-16 15:58:51 [INFO] DataPipeline.storage.repositories.integrated: Upserted 842 tca_route_summary rows
2026-07-16 15:58:51 [INFO] DataPipeline.orchestration.stages_process:   RouteMetrics 20260519: computed 842 routes
2026-07-16 16:02:47 [INFO] DataPipeline.storage.repositories.integrated: Upserted 961 tca_route_summary rows
2026-07-16 16:02:47 [INFO] DataPipeline.orchestration.stages_process:   RouteMetrics 20260520: computed 961 routes
2026-07-16 16:06:08 [INFO] DataPipeline.storage.repositories.integrated: Upserted 838 tca_route_summary rows
2026-07-16 16:06:08 [INFO] DataPipeline.orchestration.stages_process:   RouteMetrics 20260521: computed 838 routes
2026-07-16 16:09:01 [INFO] DataPipeline.storage.repositories.integrated: Upserted 724 tca_route_summary rows
2026-07-16 16:09:01 [INFO] DataPipeline.orchestration.stages_process:   RouteMetrics 20260522: computed 724 routes
2026-07-16 16:09:56 [INFO] DataPipeline.storage.repositories.integrated: Upserted 421 tca_route_summary rows
2026-07-16 16:09:56 [INFO] DataPipeline.orchestration.stages_process:   RouteMetrics 20260525: computed 421 routes
2026-07-16 16:13:29 [INFO] DataPipeline.storage.repositories.integrated: Upserted 735 tca_route_summary rows
2026-07-16 16:13:29 [INFO] DataPipeline.orchestration.stages_process:   RouteMetrics 20260526: computed 735 routes
2026-07-16 16:15:43 [INFO] DataPipeline.storage.repositories.integrated: Upserted 581 tca_route_summary rows
2026-07-16 16:15:43 [INFO] DataPipeline.orchestration.stages_process:   RouteMetrics 20260527: computed 581 routes
2026-07-16 16:18:36 [INFO] DataPipeline.storage.repositories.integrated: Upserted 724 tca_route_summary rows
2026-07-16 16:18:36 [INFO] DataPipeline.orchestration.stages_process:   RouteMetrics 20260528: computed 724 routes
2026-07-16 16:49:01 [INFO] DataPipeline.storage.repositories.integrated: Upserted 5585 tca_route_summary rows
2026-07-16 16:49:01 [INFO] DataPipeline.orchestration.stages_process:   RouteMetrics 20260529: computed 5585 routes
2026-07-16 16:57:13 [INFO] DataPipeline.storage.repositories.integrated: Upserted 1763 tca_route_summary rows
2026-07-16 16:57:13 [INFO] DataPipeline.orchestration.stages_process:   RouteMetrics 20260601: computed 1763 routes
2026-07-16 17:00:39 [INFO] DataPipeline.storage.repositories.integrated: Upserted 1068 tca_route_summary rows
2026-07-16 17:00:39 [INFO] DataPipeline.orchestration.stages_process:   RouteMetrics 20260602: computed 1068 routes
2026-07-16 17:04:11 [INFO] DataPipeline.storage.repositories.integrated: Upserted 863 tca_route_summary rows
2026-07-16 17:04:11 [INFO] DataPipeline.orchestration.stages_process:   RouteMetrics 20260603: computed 863 routes
2026-07-16 17:08:39 [INFO] DataPipeline.storage.repositories.integrated: Upserted 1087 tca_route_summary rows
2026-07-16 17:08:39 [INFO] DataPipeline.orchestration.stages_process:   RouteMetrics 20260604: computed 1087 routes
2026-07-16 17:13:13 [INFO] DataPipeline.storage.repositories.integrated: Upserted 1195 tca_route_summary rows
2026-07-16 17:13:13 [INFO] DataPipeline.orchestration.stages_process:   RouteMetrics 20260605: computed 1195 routes
2026-07-16 17:16:35 [INFO] DataPipeline.storage.repositories.integrated: Upserted 793 tca_route_summary rows
2026-07-16 17:16:35 [INFO] DataPipeline.orchestration.stages_process:   RouteMetrics 20260608: computed 793 routes
2026-07-16 17:19:54 [INFO] DataPipeline.storage.repositories.integrated: Upserted 767 tca_route_summary rows
2026-07-16 17:19:54 [INFO] DataPipeline.orchestration.stages_process:   RouteMetrics 20260609: computed 767 routes
2026-07-16 17:23:32 [INFO] DataPipeline.storage.repositories.integrated: Upserted 865 tca_route_summary rows
2026-07-16 17:23:33 [INFO] DataPipeline.orchestration.stages_process:   RouteMetrics 20260610: computed 865 routes
2026-07-16 17:27:06 [INFO] DataPipeline.storage.repositories.integrated: Upserted 900 tca_route_summary rows
2026-07-16 17:27:06 [INFO] DataPipeline.orchestration.stages_process:   RouteMetrics 20260611: computed 900 routes
2026-07-16 17:31:05 [INFO] DataPipeline.storage.repositories.integrated: Upserted 962 tca_route_summary rows
2026-07-16 17:31:05 [INFO] DataPipeline.orchestration.stages_process:   RouteMetrics 20260612: computed 962 routes
2026-07-16 17:34:57 [INFO] DataPipeline.storage.repositories.integrated: Upserted 968 tca_route_summary rows
2026-07-16 17:34:57 [INFO] DataPipeline.orchestration.stages_process:   RouteMetrics 20260615: computed 968 routes
2026-07-16 17:38:43 [INFO] DataPipeline.storage.repositories.integrated: Upserted 904 tca_route_summary rows
2026-07-16 17:38:43 [INFO] DataPipeline.orchestration.stages_process:   RouteMetrics 20260616: computed 904 routes
2026-07-16 17:41:39 [INFO] DataPipeline.storage.repositories.integrated: Upserted 735 tca_route_summary rows
2026-07-16 17:41:39 [INFO] DataPipeline.orchestration.stages_process:   RouteMetrics 20260617: computed 735 routes
2026-07-16 17:46:03 [INFO] DataPipeline.storage.repositories.integrated: Upserted 956 tca_route_summary rows
2026-07-16 17:46:03 [INFO] DataPipeline.orchestration.stages_process:   RouteMetrics 20260618: computed 956 routes
2026-07-16 17:47:27 [INFO] DataPipeline.storage.repositories.integrated: Upserted 647 tca_route_summary rows
2026-07-16 17:47:27 [INFO] DataPipeline.orchestration.stages_process:   RouteMetrics 20260619: computed 647 routes
2026-07-16 17:50:13 [INFO] DataPipeline.storage.repositories.integrated: Upserted 816 tca_route_summary rows
2026-07-16 17:50:13 [INFO] DataPipeline.orchestration.stages_process:   RouteMetrics 20260622: computed 816 routes
2026-07-16 17:54:53 [INFO] DataPipeline.storage.repositories.integrated: Upserted 1311 tca_route_summary rows
2026-07-16 17:54:53 [INFO] DataPipeline.orchestration.stages_process:   RouteMetrics 20260623: computed 1311 routes
2026-07-16 17:59:00 [INFO] DataPipeline.storage.repositories.integrated: Upserted 1140 tca_route_summary rows
2026-07-16 17:59:00 [INFO] DataPipeline.orchestration.stages_process:   RouteMetrics 20260624: computed 1140 routes
2026-07-16 18:02:57 [INFO] DataPipeline.storage.repositories.integrated: Upserted 1122 tca_route_summary rows
2026-07-16 18:02:57 [INFO] DataPipeline.orchestration.stages_process:   RouteMetrics 20260625: computed 1122 routes
2026-07-16 18:07:37 [INFO] DataPipeline.storage.repositories.integrated: Upserted 1465 tca_route_summary rows
2026-07-16 18:07:37 [INFO] DataPipeline.orchestration.stages_process:   RouteMetrics 20260626: computed 1465 routes
2026-07-16 18:15:58 [INFO] DataPipeline.storage.repositories.integrated: Upserted 2297 tca_route_summary rows
2026-07-16 18:15:58 [INFO] DataPipeline.orchestration.stages_process:   RouteMetrics 20260629: computed 2297 routes
2026-07-16 18:21:21 [INFO] DataPipeline.storage.repositories.integrated: Upserted 1597 tca_route_summary rows
2026-07-16 18:21:21 [INFO] DataPipeline.orchestration.stages_process:   RouteMetrics 20260630: computed 1597 routes
2026-07-16 18:24:43 [INFO] DataPipeline.storage.repositories.integrated: Upserted 1139 tca_route_summary rows
2026-07-16 18:24:43 [INFO] DataPipeline.orchestration.stages_process:   RouteMetrics 20260701: computed 1139 routes
2026-07-16 18:29:11 [INFO] DataPipeline.storage.repositories.integrated: Upserted 1331 tca_route_summary rows
2026-07-16 18:29:11 [INFO] DataPipeline.orchestration.stages_process:   RouteMetrics 20260702: computed 1331 routes
2026-07-16 18:29:40 [INFO] DataPipeline.storage.repositories.integrated: Upserted 86 tca_route_summary rows
2026-07-16 18:29:40 [INFO] DataPipeline.orchestration.stages_process:   RouteMetrics 20260703: computed 86 routes
2026-07-16 18:30:34 [INFO] DataPipeline.storage.repositories.integrated: Upserted 606 tca_route_summary rows
2026-07-16 18:30:34 [INFO] DataPipeline.orchestration.stages_process:   RouteMetrics 20260706: computed 606 routes
2026-07-16 18:31:45 [INFO] DataPipeline.storage.repositories.integrated: Upserted 731 tca_route_summary rows
2026-07-16 18:31:45 [INFO] DataPipeline.orchestration.stages_process:   RouteMetrics 20260707: computed 731 routes
2026-07-16 18:33:33 [INFO] DataPipeline.storage.repositories.integrated: Upserted 475 tca_route_summary rows
2026-07-16 18:33:33 [INFO] DataPipeline.orchestration.stages_process:   RouteMetrics 20260709: computed 475 routes
2026-07-16 18:35:23 [INFO] DataPipeline.storage.repositories.integrated: Upserted 507 tca_route_summary rows
2026-07-16 18:35:23 [INFO] DataPipeline.orchestration.stages_process:   RouteMetrics 20260710: computed 507 routes
2026-07-16 18:35:23 [INFO] recompute_route_metrics: ================================================================
2026-07-16 18:35:23 [INFO] recompute_route_metrics: \u6267\u884c\u5b8c\u6210: ok=True, summary={'completed': True, 'dates': 211, 'rows': 82315}
2026-07-16 18:35:23 [INFO] recompute_route_metrics: \u9519\u8bef\u6570: 0
2026-07-16 18:35:23 [INFO] recompute_route_metrics: ================================================================
