2026-07-17 09:42:43 [INFO] recompute_route_metrics: Schema ensured: C:\Users\hrchen\Documents\EMSXView\CostView\data\fill_bdib.db
2026-07-17 09:42:43 [INFO] recompute_route_metrics: \u6267\u884c\u9636\u6bb5: 5.5. Compute Route Metrics
2026-07-17 09:42:43 [INFO] DataPipeline.orchestration.base: ============================================================
2026-07-17 09:42:43 [INFO] DataPipeline.orchestration.base: ==> Starting Stage: 5.5. Compute Route Metrics
2026-07-17 09:42:43 [INFO] DataPipeline.orchestration.base: ============================================================
2026-07-17 09:43:03 [INFO] DataPipeline.storage.repositories.integrated: Upserted 335 tca_route_summary rows
2026-07-17 09:43:03 [INFO] DataPipeline.orchestration.stages_process:   RouteMetrics 20250915: computed 335 routes
2026-07-17 09:43:34 [INFO] DataPipeline.storage.repositories.integrated: Upserted 383 tca_route_summary rows
2026-07-17 09:43:34 [INFO] DataPipeline.orchestration.stages_process:   RouteMetrics 20250916: computed 383 routes
2026-07-17 09:43:51 [INFO] DataPipeline.storage.repositories.integrated: Upserted 313 tca_route_summary rows
2026-07-17 09:43:51 [INFO] DataPipeline.orchestration.stages_process:   RouteMetrics 20250917: computed 313 routes
2026-07-17 09:44:16 [INFO] DataPipeline.storage.repositories.integrated: Upserted 296 tca_route_summary rows
2026-07-17 09:44:16 [INFO] DataPipeline.orchestration.stages_process:   RouteMetrics 20250918: computed 296 routes
2026-07-17 09:44:38 [INFO] DataPipeline.storage.repositories.integrated: Upserted 510 tca_route_summary rows
2026-07-17 09:44:38 [INFO] DataPipeline.orchestration.stages_process:   RouteMetrics 20250919: computed 510 routes
2026-07-17 09:45:00 [INFO] DataPipeline.storage.repositories.integrated: Upserted 280 tca_route_summary rows
2026-07-17 09:45:00 [INFO] DataPipeline.orchestration.stages_process:   RouteMetrics 20250922: computed 280 routes
2026-07-17 09:45:39 [INFO] DataPipeline.storage.repositories.integrated: Upserted 320 tca_route_summary rows
2026-07-17 09:45:39 [INFO] DataPipeline.orchestration.stages_process:   RouteMetrics 20250923: computed 320 routes
2026-07-17 09:45:44 [INFO] DataPipeline.storage.repositories.integrated: Upserted 34 tca_route_summary rows
2026-07-17 09:45:44 [INFO] DataPipeline.orchestration.stages_process:   RouteMetrics 20250924: computed 34 routes
2026-07-17 09:46:16 [INFO] DataPipeline.storage.repositories.integrated: Upserted 465 tca_route_summary rows
2026-07-17 09:46:16 [INFO] DataPipeline.orchestration.stages_process:   RouteMetrics 20250925: computed 465 routes
2026-07-17 09:46:42 [INFO] DataPipeline.storage.repositories.integrated: Upserted 743 tca_route_summary rows
2026-07-17 09:46:42 [INFO] DataPipeline.orchestration.stages_process:   RouteMetrics 20250926: computed 743 routes
2026-07-17 09:47:18 [INFO] DataPipeline.storage.repositories.integrated: Upserted 1248 tca_route_summary rows
2026-07-17 09:47:18 [INFO] DataPipeline.orchestration.stages_process:   RouteMetrics 20250929: computed 1248 routes
2026-07-17 09:47:55 [INFO] DataPipeline.storage.repositories.integrated: Upserted 1301 tca_route_summary rows
2026-07-17 09:47:55 [INFO] DataPipeline.orchestration.stages_process:   RouteMetrics 20250930: computed 1301 routes
2026-07-17 09:48:35 [INFO] DataPipeline.storage.repositories.integrated: Upserted 1384 tca_route_summary rows
2026-07-17 09:48:35 [INFO] DataPipeline.orchestration.stages_process:   RouteMetrics 20251001: computed 1384 routes
2026-07-17 09:48:59 [INFO] DataPipeline.storage.repositories.integrated: Upserted 1208 tca_route_summary rows
2026-07-17 09:48:59 [INFO] DataPipeline.orchestration.stages_process:   RouteMetrics 20251002: computed 1208 routes
2026-07-17 09:49:43 [INFO] DataPipeline.storage.repositories.integrated: Upserted 1378 tca_route_summary rows
2026-07-17 09:49:44 [INFO] DataPipeline.orchestration.stages_process:   RouteMetrics 20251003: computed 1378 routes
2026-07-17 09:50:27 [INFO] DataPipeline.storage.repositories.integrated: Upserted 1297 tca_route_summary rows
2026-07-17 09:50:27 [INFO] DataPipeline.orchestration.stages_process:   RouteMetrics 20251006: computed 1297 routes
2026-07-17 09:50:45 [INFO] DataPipeline.storage.repositories.integrated: Upserted 1182 tca_route_summary rows
2026-07-17 09:50:45 [INFO] DataPipeline.orchestration.stages_process:   RouteMetrics 20251007: computed 1182 routes
2026-07-17 09:51:30 [INFO] DataPipeline.storage.repositories.integrated: Upserted 1417 tca_route_summary rows
2026-07-17 09:51:30 [INFO] DataPipeline.orchestration.stages_process:   RouteMetrics 20251008: computed 1417 routes
2026-07-17 09:51:58 [INFO] DataPipeline.storage.repositories.integrated: Upserted 1200 tca_route_summary rows
2026-07-17 09:51:58 [INFO] DataPipeline.orchestration.stages_process:   RouteMetrics 20251009: computed 1200 routes
2026-07-17 09:52:34 [INFO] DataPipeline.storage.repositories.integrated: Upserted 1274 tca_route_summary rows
2026-07-17 09:52:34 [INFO] DataPipeline.orchestration.stages_process:   RouteMetrics 20251010: computed 1274 routes
2026-07-17 09:52:55 [INFO] DataPipeline.storage.repositories.integrated: Upserted 1001 tca_route_summary rows
2026-07-17 09:52:55 [INFO] DataPipeline.orchestration.stages_process:   RouteMetrics 20251013: computed 1001 routes
2026-07-17 09:53:40 [INFO] DataPipeline.storage.repositories.integrated: Upserted 1485 tca_route_summary rows
2026-07-17 09:53:40 [INFO] DataPipeline.orchestration.stages_process:   RouteMetrics 20251014: computed 1485 routes
2026-07-17 09:54:15 [INFO] DataPipeline.storage.repositories.integrated: Upserted 1215 tca_route_summary rows
2026-07-17 09:54:15 [INFO] DataPipeline.orchestration.stages_process:   RouteMetrics 20251015: computed 1215 routes
2026-07-17 09:54:52 [INFO] DataPipeline.storage.repositories.integrated: Upserted 1188 tca_route_summary rows
2026-07-17 09:54:52 [INFO] DataPipeline.orchestration.stages_process:   RouteMetrics 20251016: computed 1188 routes
2026-07-17 09:55:36 [INFO] DataPipeline.storage.repositories.integrated: Upserted 1270 tca_route_summary rows
2026-07-17 09:55:36 [INFO] DataPipeline.orchestration.stages_process:   RouteMetrics 20251017: computed 1270 routes
2026-07-17 09:56:15 [INFO] DataPipeline.storage.repositories.integrated: Upserted 1209 tca_route_summary rows
2026-07-17 09:56:15 [INFO] DataPipeline.orchestration.stages_process:   RouteMetrics 20251020: computed 1209 routes
2026-07-17 09:56:47 [INFO] DataPipeline.storage.repositories.integrated: Upserted 1368 tca_route_summary rows
2026-07-17 09:56:47 [INFO] DataPipeline.orchestration.stages_process:   RouteMetrics 20251021: computed 1368 routes
2026-07-17 09:57:15 [INFO] DataPipeline.storage.repositories.integrated: Upserted 1245 tca_route_summary rows
2026-07-17 09:57:15 [INFO] DataPipeline.orchestration.stages_process:   RouteMetrics 20251022: computed 1245 routes
2026-07-17 09:58:19 [INFO] DataPipeline.storage.repositories.integrated: Upserted 1302 tca_route_summary rows
2026-07-17 09:58:19 [INFO] DataPipeline.orchestration.stages_process:   RouteMetrics 20251023: computed 1302 routes
2026-07-17 09:59:01 [INFO] DataPipeline.storage.repositories.integrated: Upserted 1546 tca_route_summary rows
2026-07-17 09:59:01 [INFO] DataPipeline.orchestration.stages_process:   RouteMetrics 20251024: computed 1546 routes
2026-07-17 09:59:35 [INFO] DataPipeline.storage.repositories.integrated: Upserted 1337 tca_route_summary rows
2026-07-17 09:59:35 [INFO] DataPipeline.orchestration.stages_process:   RouteMetrics 20251027: computed 1337 routes
2026-07-17 10:00:10 [INFO] DataPipeline.storage.repositories.integrated: Upserted 1341 tca_route_summary rows
2026-07-17 10:00:10 [INFO] DataPipeline.orchestration.stages_process:   RouteMetrics 20251028: computed 1341 routes
2026-07-17 10:00:47 [INFO] DataPipeline.storage.repositories.integrated: Upserted 1226 tca_route_summary rows
2026-07-17 10:00:47 [INFO] DataPipeline.orchestration.stages_process:   RouteMetrics 20251029: computed 1226 routes
2026-07-17 10:01:29 [INFO] DataPipeline.storage.repositories.integrated: Upserted 1469 tca_route_summary rows
2026-07-17 10:01:29 [INFO] DataPipeline.orchestration.stages_process:   RouteMetrics 20251030: computed 1469 routes
2026-07-17 10:02:07 [INFO] DataPipeline.storage.repositories.integrated: Upserted 1553 tca_route_summary rows
2026-07-17 10:02:07 [INFO] DataPipeline.orchestration.stages_process:   RouteMetrics 20251031: computed 1553 routes
2026-07-17 10:02:50 [INFO] DataPipeline.storage.repositories.integrated: Upserted 1210 tca_route_summary rows
2026-07-17 10:02:50 [INFO] DataPipeline.orchestration.stages_process:   RouteMetrics 20251103: computed 1210 routes
2026-07-17 10:03:42 [INFO] DataPipeline.storage.repositories.integrated: Upserted 1844 tca_route_summary rows
2026-07-17 10:03:42 [INFO] DataPipeline.orchestration.stages_process:   RouteMetrics 20251104: computed 1844 routes
2026-07-17 10:04:02 [INFO] DataPipeline.storage.repositories.integrated: Upserted 1274 tca_route_summary rows
2026-07-17 10:04:02 [INFO] DataPipeline.orchestration.stages_process:   RouteMetrics 20251105: computed 1274 routes
2026-07-17 10:04:41 [INFO] DataPipeline.storage.repositories.integrated: Upserted 1310 tca_route_summary rows
2026-07-17 10:04:41 [INFO] DataPipeline.orchestration.stages_process:   RouteMetrics 20251106: computed 1310 routes
2026-07-17 10:05:27 [INFO] DataPipeline.storage.repositories.integrated: Upserted 1668 tca_route_summary rows
2026-07-17 10:05:27 [INFO] DataPipeline.orchestration.stages_process:   RouteMetrics 20251107: computed 1668 routes
2026-07-17 10:06:04 [INFO] DataPipeline.storage.repositories.integrated: Upserted 1608 tca_route_summary rows
2026-07-17 10:06:04 [INFO] DataPipeline.orchestration.stages_process:   RouteMetrics 20251110: computed 1608 routes
2026-07-17 10:06:50 [INFO] DataPipeline.storage.repositories.integrated: Upserted 1464 tca_route_summary rows
2026-07-17 10:06:50 [INFO] DataPipeline.orchestration.stages_process:   RouteMetrics 20251111: computed 1464 routes
2026-07-17 10:07:24 [INFO] DataPipeline.storage.repositories.integrated: Upserted 1377 tca_route_summary rows
2026-07-17 10:07:24 [INFO] DataPipeline.orchestration.stages_process:   RouteMetrics 20251112: computed 1377 routes
2026-07-17 10:08:19 [INFO] DataPipeline.storage.repositories.integrated: Upserted 1495 tca_route_summary rows
2026-07-17 10:08:19 [INFO] DataPipeline.orchestration.stages_process:   RouteMetrics 20251113: computed 1495 routes
2026-07-17 10:09:03 [INFO] DataPipeline.storage.repositories.integrated: Upserted 1748 tca_route_summary rows
2026-07-17 10:09:03 [INFO] DataPipeline.orchestration.stages_process:   RouteMetrics 20251114: computed 1748 routes
2026-07-17 10:09:45 [INFO] DataPipeline.storage.repositories.integrated: Upserted 1323 tca_route_summary rows
2026-07-17 10:09:45 [INFO] DataPipeline.orchestration.stages_process:   RouteMetrics 20251117: computed 1323 routes
2026-07-17 10:10:20 [INFO] DataPipeline.storage.repositories.integrated: Upserted 1331 tca_route_summary rows
2026-07-17 10:10:20 [INFO] DataPipeline.orchestration.stages_process:   RouteMetrics 20251118: computed 1331 routes
2026-07-17 10:11:02 [INFO] DataPipeline.storage.repositories.integrated: Upserted 1262 tca_route_summary rows
2026-07-17 10:11:02 [INFO] DataPipeline.orchestration.stages_process:   RouteMetrics 20251119: computed 1262 routes
2026-07-17 10:11:37 [INFO] DataPipeline.storage.repositories.integrated: Upserted 1491 tca_route_summary rows
2026-07-17 10:11:37 [INFO] DataPipeline.orchestration.stages_process:   RouteMetrics 20251120: computed 1491 routes
2026-07-17 10:12:14 [INFO] DataPipeline.storage.repositories.integrated: Upserted 1312 tca_route_summary rows
2026-07-17 10:12:14 [INFO] DataPipeline.orchestration.stages_process:   RouteMetrics 20251121: computed 1312 routes
