2026-08-27 16:33:33 [INFO] \u8bc6\u522b\u7f3a\u53e3\u65e5\u671f (p_arrival<80%, 2026-02-28..2026-08-26): 115 \u4e2a
2026-08-27 16:33:33 [INFO] \u7f3a\u53e3\u65e5\u671f: ['20260302', '20260303', '20260304', '20260305', '20260306', '20260309', '20260310', '20260311', '20260312', '20260313', '20260316', '20260317', '20260318', '20260319', '20260320', '20260323', '20260324', '20260325', '20260326', '20260327', '20260330', '20260331', '20260401', '20260402', '20260403', '20260406', '20260407', '20260408', '20260410', '20260413', '20260417', '20260420', '20260421', '20260422', '20260423', '20260424', '20260427', '20260428', '20260429', '20260430', '20260501', '20260504', '20260505', '20260506', '20260507', '20260508', '20260513', '20260514', '20260515', '20260518', '20260519', '20260520', '20260521', '20260522', '20260525', '20260526', '20260528', '20260529', '20260601', '20260605', '20260608', '20260609', '20260610', '20260611', '20260612', '20260615', '20260616', '20260617', '20260618', '20260619', '20260622', '20260623', '20260624', '20260625', '20260626', '20260629', '20260630', '20260701', '20260702', '20260703', '20260709', '20260710', '20260713', '20260714', '20260715', '20260716', '20260717', '20260720', '20260721', '20260722', '20260723', '20260724', '20260727', '20260728', '20260729', '20260730', '20260731', '20260803', '20260804', '20260805', '20260806', '20260807', '20260810', '20260811', '20260812', '20260813', '20260814', '20260817', '20260818', '20260819', '20260820', '20260821', '20260824', '20260825', '20260826']
2026-08-27 16:33:34 [INFO]   20260302: \u5f85\u62c9\u53d6 1/654 \u4e2a ticker (\u5df2\u6709 653 \u8df3\u8fc7)
2026-08-27 16:33:34 [INFO] fetch_bdib_for_fills: skipping outdated ticker ROG SW Equity
2026-08-27 16:33:34 [INFO] fetch_bdib_for_fills: no non-outdated pairs to fetch
2026-08-27 16:33:34 [INFO]   20260302: Bloomberg \u8fd4\u56de\u7a7a\uff08\u53ef\u80fd\u8d85\u4fdd\u7559\u7a97\u53e3\u6216\u65e0\u884c\u60c5\uff09
2026-08-27 16:33:35 [INFO]   20260303: \u5f85\u62c9\u53d6 2/621 \u4e2a ticker (\u5df2\u6709 619 \u8df3\u8fc7)
2026-08-27 16:33:35 [INFO] fetch_bdib_for_fills: skipping outdated ticker ROG SW Equity
2026-08-27 16:33:36 [INFO] BDIB batch fetch completed: 129 bars from 1 ticker-dates
2026-08-27 16:33:36 [INFO] fetch_bdib_for_fills: 1 ticker-dates fetched (0 empty/failed)
2026-08-27 16:33:36 [INFO] Upserted 129 raw BDIB rows
2026-08-27 16:33:36 [INFO]   20260303: upserted 129 rows (129 bars, 2 tickers, 1.2s)
2026-08-27 16:33:37 [INFO]   20260304: \u5f85\u62c9\u53d6 1/635 \u4e2a ticker (\u5df2\u6709 634 \u8df3\u8fc7)
2026-08-27 16:33:37 [INFO] fetch_bdib_for_fills: skipping outdated ticker ROG SW Equity
2026-08-27 16:33:37 [INFO] fetch_bdib_for_fills: no non-outdated pairs to fetch
2026-08-27 16:33:37 [INFO]   20260304: Bloomberg \u8fd4\u56de\u7a7a\uff08\u53ef\u80fd\u8d85\u4fdd\u7559\u7a97\u53e3\u6216\u65e0\u884c\u60c5\uff09
2026-08-27 16:33:38 [INFO]   20260305: \u5f85\u62c9\u53d6 1/886 \u4e2a ticker (\u5df2\u6709 885 \u8df3\u8fc7)
2026-08-27 16:33:38 [INFO] fetch_bdib_for_fills: skipping outdated ticker ROG SW Equity
2026-08-27 16:33:38 [INFO] fetch_bdib_for_fills: no non-outdated pairs to fetch
2026-08-27 16:33:38 [INFO]   20260305: Bloomberg \u8fd4\u56de\u7a7a\uff08\u53ef\u80fd\u8d85\u4fdd\u7559\u7a97\u53e3\u6216\u65e0\u884c\u60c5\uff09
2026-08-27 16:33:40 [INFO]   20260306: \u5f85\u62c9\u53d6 1/983 \u4e2a ticker (\u5df2\u6709 982 \u8df3\u8fc7)
2026-08-27 16:33:40 [INFO] fetch_bdib_for_fills: skipping outdated ticker ROG SW Equity
2026-08-27 16:33:40 [INFO] fetch_bdib_for_fills: no non-outdated pairs to fetch
2026-08-27 16:33:40 [INFO]   20260306: Bloomberg \u8fd4\u56de\u7a7a\uff08\u53ef\u80fd\u8d85\u4fdd\u7559\u7a97\u53e3\u6216\u65e0\u884c\u60c5\uff09
2026-08-27 16:33:41 [INFO]   20260309: \u5f85\u62c9\u53d6 2/1026 \u4e2a ticker (\u5df2\u6709 1024 \u8df3\u8fc7)
2026-08-27 16:33:41 [INFO] fetch_bdib_for_fills: skipping outdated ticker ROG SW Equity
2026-08-27 16:33:41 [INFO] BDIB batch fetch completed: 125 bars from 1 ticker-dates
2026-08-27 16:33:41 [INFO] fetch_bdib_for_fills: 1 ticker-dates fetched (0 empty/failed)
2026-08-27 16:33:41 [INFO] Upserted 125 raw BDIB rows
2026-08-27 16:33:41 [INFO]   20260309: upserted 125 rows (125 bars, 2 tickers, 0.4s)
2026-08-27 16:33:43 [INFO]   20260310: \u5f85\u62c9\u53d6 3/850 \u4e2a ticker (\u5df2\u6709 847 \u8df3\u8fc7)
2026-08-27 16:33:43 [INFO] fetch_bdib_for_fills: skipping outdated ticker ROG SW Equity
2026-08-27 16:33:43 [INFO] fetch_bdib_for_fills: skipping outdated ticker TITR IM Equity
2026-08-27 16:33:43 [INFO] BDIB batch fetch completed: 116 bars from 1 ticker-dates
2026-08-27 16:33:43 [INFO] fetch_bdib_for_fills: 1 ticker-dates fetched (0 empty/failed)
2026-08-27 16:33:43 [INFO] Upserted 116 raw BDIB rows
2026-08-27 16:33:43 [INFO]   20260310: upserted 116 rows (116 bars, 3 tickers, 0.4s)
2026-08-27 16:33:44 [INFO]   20260311: \u5f85\u62c9\u53d6 3/815 \u4e2a ticker (\u5df2\u6709 812 \u8df3\u8fc7)
2026-08-27 16:33:44 [INFO] fetch_bdib_for_fills: skipping outdated ticker ROG SW Equity
2026-08-27 16:33:44 [INFO] fetch_bdib_for_fills: skipping outdated ticker TITR IM Equity
2026-08-27 16:33:45 [INFO] BDIB batch fetch completed: 134 bars from 1 ticker-dates
2026-08-27 16:33:45 [INFO] fetch_bdib_for_fills: 1 ticker-dates fetched (0 empty/failed)
2026-08-27 16:33:45 [INFO] Upserted 134 raw BDIB rows
2026-08-27 16:33:45 [INFO]   20260311: upserted 134 rows (134 bars, 3 tickers, 0.4s)
2026-08-27 16:33:46 [INFO]   20260312: \u5f85\u62c9\u53d6 3/823 \u4e2a ticker (\u5df2\u6709 820 \u8df3\u8fc7)
2026-08-27 16:33:46 [INFO] fetch_bdib_for_fills: skipping outdated ticker ROG SW Equity
2026-08-27 16:33:46 [INFO] fetch_bdib_for_fills: skipping outdated ticker TITR IM Equity
2026-08-27 16:33:46 [INFO] BDIB batch fetch completed: 159 bars from 1 ticker-dates
2026-08-27 16:33:46 [INFO] fetch_bdib_for_fills: 1 ticker-dates fetched (0 empty/failed)
2026-08-27 16:33:46 [INFO] Upserted 159 raw BDIB rows
2026-08-27 16:33:46 [INFO]   20260312: upserted 159 rows (159 bars, 3 tickers, 0.4s)
2026-08-27 16:33:48 [INFO]   20260313: \u5f85\u62c9\u53d6 2/926 \u4e2a ticker (\u5df2\u6709 924 \u8df3\u8fc7)
2026-08-27 16:33:48 [INFO] fetch_bdib_for_fills: skipping outdated ticker TITR IM Equity
2026-08-27 16:33:48 [INFO] BDIB batch fetch completed: 120 bars from 1 ticker-dates
2026-08-27 16:33:48 [INFO] fetch_bdib_for_fills: 1 ticker-dates fetched (0 empty/failed)
2026-08-27 16:33:48 [INFO] Upserted 120 raw BDIB rows
2026-08-27 16:33:48 [INFO]   20260313: upserted 120 rows (120 bars, 2 tickers, 0.4s)
2026-08-27 16:33:49 [INFO]   20260316: \u5f85\u62c9\u53d6 3/757 \u4e2a ticker (\u5df2\u6709 754 \u8df3\u8fc7)
2026-08-27 16:33:49 [INFO] fetch_bdib_for_fills: skipping outdated ticker ROG SW Equity
2026-08-27 16:33:49 [INFO] fetch_bdib_for_fills: skipping outdated ticker TITR IM Equity
2026-08-27 16:33:49 [INFO] BDIB batch fetch completed: 45 bars from 1 ticker-dates
2026-08-27 16:33:49 [INFO] fetch_bdib_for_fills: 1 ticker-dates fetched (0 empty/failed)
2026-08-27 16:33:49 [INFO] Upserted 45 raw BDIB rows
2026-08-27 16:33:49 [INFO]   20260316: upserted 45 rows (45 bars, 3 tickers, 0.4s)
2026-08-27 16:33:51 [INFO]   20260317: \u5f85\u62c9\u53d6 2/810 \u4e2a ticker (\u5df2\u6709 808 \u8df3\u8fc7)
2026-08-27 16:33:51 [INFO] fetch_bdib_for_fills: skipping outdated ticker TITR IM Equity
2026-08-27 16:33:51 [INFO] BDIB batch fetch completed: 26 bars from 1 ticker-dates
2026-08-27 16:33:51 [INFO] fetch_bdib_for_fills: 1 ticker-dates fetched (0 empty/failed)
2026-08-27 16:33:51 [INFO] Upserted 26 raw BDIB rows
2026-08-27 16:33:51 [INFO]   20260317: upserted 26 rows (26 bars, 2 tickers, 0.4s)
2026-08-27 16:33:52 [INFO]   20260318: \u5f85\u62c9\u53d6 2/745 \u4e2a ticker (\u5df2\u6709 743 \u8df3\u8fc7)
2026-08-27 16:33:52 [INFO] fetch_bdib_for_fills: skipping outdated ticker TITR IM Equity
2026-08-27 16:33:53 [INFO] BDIB batch fetch completed: 77 bars from 1 ticker-dates
2026-08-27 16:33:53 [INFO] fetch_bdib_for_fills: 1 ticker-dates fetched (0 empty/failed)
2026-08-27 16:33:53 [INFO] Upserted 77 raw BDIB rows
2026-08-27 16:33:53 [INFO]   20260318: upserted 77 rows (77 bars, 2 tickers, 0.4s)
2026-08-27 16:33:54 [INFO]   20260319: \u5f85\u62c9\u53d6 1/535 \u4e2a ticker (\u5df2\u6709 534 \u8df3\u8fc7)
2026-08-27 16:33:54 [INFO] BDIB batch fetch completed: 51 bars from 1 ticker-dates
2026-08-27 16:33:54 [INFO] fetch_bdib_for_fills: 1 ticker-dates fetched (0 empty/failed)
2026-08-27 16:33:54 [INFO] Upserted 51 raw BDIB rows
2026-08-27 16:33:54 [INFO]   20260319: upserted 51 rows (51 bars, 1 tickers, 0.4s)
2026-08-27 16:33:55 [INFO]   20260320: \u5f85\u62c9\u53d6 1/388 \u4e2a ticker (\u5df2\u6709 387 \u8df3\u8fc7)
2026-08-27 16:33:55 [INFO] BDIB batch fetch completed: 192 bars from 1 ticker-dates
2026-08-27 16:33:55 [INFO] fetch_bdib_for_fills: 1 ticker-dates fetched (0 empty/failed)
2026-08-27 16:33:55 [INFO] Upserted 192 raw BDIB rows
2026-08-27 16:33:55 [INFO]   20260320: upserted 192 rows (192 bars, 1 tickers, 0.4s)
2026-08-27 16:33:56 [INFO]   20260323: \u5f85\u62c9\u53d6 1/552 \u4e2a ticker (\u5df2\u6709 551 \u8df3\u8fc7)
2026-08-27 16:33:57 [INFO] BDIB batch fetch completed: 145 bars from 1 ticker-dates
2026-08-27 16:33:57 [INFO] fetch_bdib_for_fills: 1 ticker-dates fetched (0 empty/failed)
2026-08-27 16:33:57 [INFO] Upserted 145 raw BDIB rows
2026-08-27 16:33:57 [INFO]   20260323: upserted 145 rows (145 bars, 1 tickers, 0.4s)
2026-08-27 16:33:58 [INFO]   20260324: \u5f85\u62c9\u53d6 1/938 \u4e2a ticker (\u5df2\u6709 937 \u8df3\u8fc7)
2026-08-27 16:33:59 [INFO] BDIB batch fetch completed: 205 bars from 1 ticker-dates
2026-08-27 16:33:59 [INFO] fetch_bdib_for_fills: 1 ticker-dates fetched (0 empty/failed)
2026-08-27 16:33:59 [INFO] Upserted 205 raw BDIB rows
2026-08-27 16:33:59 [INFO]   20260324: upserted 205 rows (205 bars, 1 tickers, 0.4s)
2026-08-27 16:33:59 [INFO]   20260325: \u5f85\u62c9\u53d6 1/382 \u4e2a ticker (\u5df2\u6709 381 \u8df3\u8fc7)
2026-08-27 16:34:00 [INFO] BDIB batch fetch completed: 75 bars from 1 ticker-dates
2026-08-27 16:34:00 [INFO] fetch_bdib_for_fills: 1 ticker-dates fetched (0 empty/failed)
2026-08-27 16:34:00 [INFO] Upserted 75 raw BDIB rows
2026-08-27 16:34:00 [INFO]   20260325: upserted 75 rows (75 bars, 1 tickers, 0.4s)
2026-08-27 16:34:01 [INFO]   20260326: \u5168\u90e8 738 \u4e2a ticker \u5df2\u6709 BDIB\uff0c\u8df3\u8fc7
2026-08-27 16:34:02 [INFO]   20260327: \u5168\u90e8 620 \u4e2a ticker \u5df2\u6709 BDIB\uff0c\u8df3\u8fc7
2026-08-27 16:34:02 [INFO]   20260330: \u5168\u90e8 725 \u4e2a ticker \u5df2\u6709 BDIB\uff0c\u8df3\u8fc7
2026-08-27 16:34:03 [INFO]   20260331: \u5f85\u62c9\u53d6 1/672 \u4e2a ticker (\u5df2\u6709 671 \u8df3\u8fc7)
2026-08-27 16:34:03 [INFO] fetch_bdib_for_fills: skipping outdated ticker TITR IM Equity
2026-08-27 16:34:03 [INFO] fetch_bdib_for_fills: no non-outdated pairs to fetch
2026-08-27 16:34:03 [INFO]   20260331: Bloomberg \u8fd4\u56de\u7a7a\uff08\u53ef\u80fd\u8d85\u4fdd\u7559\u7a97\u53e3\u6216\u65e0\u884c\u60c5\uff09
2026-08-27 16:34:04 [INFO]   20260401: \u5168\u90e8 524 \u4e2a ticker \u5df2\u6709 BDIB\uff0c\u8df3\u8fc7
2026-08-27 16:34:05 [INFO]   20260402: \u5f85\u62c9\u53d6 2/549 \u4e2a ticker (\u5df2\u6709 547 \u8df3\u8fc7)
2026-08-27 16:34:05 [INFO] fetch_bdib_for_fills: skipping outdated ticker TITR IM Equity
2026-08-27 16:34:05 [INFO] BDIB batch fetch completed: 54 bars from 1 ticker-dates
2026-08-27 16:34:05 [INFO] fetch_bdib_for_fills: 1 ticker-dates fetched (0 empty/failed)
2026-08-27 16:34:05 [INFO] Upserted 54 raw BDIB rows
2026-08-27 16:34:05 [INFO]   20260402: upserted 54 rows (54 bars, 2 tickers, 0.4s)
2026-08-27 16:34:05 [INFO]   20260403: \u5168\u90e8 9 \u4e2a ticker \u5df2\u6709 BDIB\uff0c\u8df3\u8fc7
2026-08-27 16:34:05 [INFO]   20260406: \u5168\u90e8 32 \u4e2a ticker \u5df2\u6709 BDIB\uff0c\u8df3\u8fc7
2026-08-27 16:34:06 [INFO]   20260407: \u5168\u90e8 110 \u4e2a ticker \u5df2\u6709 BDIB\uff0c\u8df3\u8fc7
2026-08-27 16:34:06 [INFO]   20260408: \u5f85\u62c9\u53d6 2/569 \u4e2a ticker (\u5df2\u6709 567 \u8df3\u8fc7)
2026-08-27 16:34:06 [INFO] fetch_bdib_for_fills: skipping outdated ticker TITR IM Equity
2026-08-27 16:34:06 [INFO] BDIB batch fetch completed: 41 bars from 1 ticker-dates
2026-08-27 16:34:06 [INFO] fetch_bdib_for_fills: 1 ticker-dates fetched (0 empty/failed)
2026-08-27 16:34:06 [INFO] Upserted 41 raw BDIB rows
2026-08-27 16:34:06 [INFO]   20260408: upserted 41 rows (41 bars, 2 tickers, 0.4s)
2026-08-27 16:34:07 [INFO]   20260410: \u5f85\u62c9\u53d6 1/383 \u4e2a ticker (\u5df2\u6709 382 \u8df3\u8fc7)
2026-08-27 16:34:07 [INFO] fetch_bdib_for_fills: skipping outdated ticker TITR IM Equity
2026-08-27 16:34:07 [INFO] fetch_bdib_for_fills: no non-outdated pairs to fetch
2026-08-27 16:34:07 [INFO]   20260410: Bloomberg \u8fd4\u56de\u7a7a\uff08\u53ef\u80fd\u8d85\u4fdd\u7559\u7a97\u53e3\u6216\u65e0\u884c\u60c5\uff09
2026-08-27 16:34:08 [INFO]   20260413: \u5f85\u62c9\u53d6 1/622 \u4e2a ticker (\u5df2\u6709 621 \u8df3\u8fc7)
2026-08-27 16:34:08 [INFO] BDIB batch fetch completed: 2338 bars from 1 ticker-dates
2026-08-27 16:34:08 [INFO] fetch_bdib_for_fills: 1 ticker-dates fetched (0 empty/failed)
2026-08-27 16:34:08 [INFO] Upserted 2338 raw BDIB rows
2026-08-27 16:34:08 [INFO]   20260413: upserted 2338 rows (2338 bars, 1 tickers, 0.7s)
2026-08-27 16:34:09 [INFO]   20260417: \u5f85\u62c9\u53d6 2/220 \u4e2a ticker (\u5df2\u6709 218 \u8df3\u8fc7)
2026-08-27 16:34:09 [INFO] fetch_bdib_for_fills: skipping outdated ticker TITR IM Equity
2026-08-27 16:34:10 [INFO] BDIB batch fetch completed: 906 bars from 1 ticker-dates
2026-08-27 16:34:10 [INFO] fetch_bdib_for_fills: 1 ticker-dates fetched (0 empty/failed)
2026-08-27 16:34:10 [INFO] Upserted 906 raw BDIB rows
2026-08-27 16:34:10 [INFO]   20260417: upserted 906 rows (906 bars, 2 tickers, 0.5s)
2026-08-27 16:34:10 [INFO]   20260420: \u5f85\u62c9\u53d6 344/344 \u4e2a ticker (\u5df2\u6709 0 \u8df3\u8fc7)
2026-08-27 16:34:13 [INFO] fetch_bdib_for_fills: 0 ticker-dates fetched (344 empty/failed)
2026-08-27 16:34:13 [INFO]   20260420: Bloomberg \u8fd4\u56de\u7a7a\uff08\u53ef\u80fd\u8d85\u4fdd\u7559\u7a97\u53e3\u6216\u65e0\u884c\u60c5\uff09
2026-08-27 16:34:13 [INFO]   20260421: \u5f85\u62c9\u53d6 389/389 \u4e2a ticker (\u5df2\u6709 0 \u8df3\u8fc7)
2026-08-27 16:34:13 [INFO] fetch_bdib_for_fills: skipping outdated ticker TITR IM Equity
2026-08-27 16:34:17 [INFO] fetch_bdib_for_fills: 0 ticker-dates fetched (388 empty/failed)
2026-08-27 16:34:17 [INFO]   20260421: Bloomberg \u8fd4\u56de\u7a7a\uff08\u53ef\u80fd\u8d85\u4fdd\u7559\u7a97\u53e3\u6216\u65e0\u884c\u60c5\uff09
2026-08-27 16:34:17 [INFO]   20260422: \u5168\u90e8 198 \u4e2a ticker \u5df2\u6709 BDIB\uff0c\u8df3\u8fc7
2026-08-27 16:34:18 [INFO]   20260423: \u5168\u90e8 295 \u4e2a ticker \u5df2\u6709 BDIB\uff0c\u8df3\u8fc7
2026-08-27 16:34:18 [INFO]   20260424: \u5168\u90e8 290 \u4e2a ticker \u5df2\u6709 BDIB\uff0c\u8df3\u8fc7
2026-08-27 16:34:18 [INFO]   20260427: \u5168\u90e8 309 \u4e2a ticker \u5df2\u6709 BDIB\uff0c\u8df3\u8fc7
2026-08-27 16:34:19 [INFO]   20260428: \u5f85\u62c9\u53d6 1/330 \u4e2a ticker (\u5df2\u6709 329 \u8df3\u8fc7)
2026-08-27 16:34:19 [INFO] fetch_bdib_for_fills: skipping outdated ticker TITR IM Equity
2026-08-27 16:34:19 [INFO] fetch_bdib_for_fills: no non-outdated pairs to fetch
2026-08-27 16:34:19 [INFO]   20260428: Bloomberg \u8fd4\u56de\u7a7a\uff08\u53ef\u80fd\u8d85\u4fdd\u7559\u7a97\u53e3\u6216\u65e0\u884c\u60c5\uff09
2026-08-27 16:34:19 [INFO]   20260429: \u5168\u90e8 287 \u4e2a ticker \u5df2\u6709 BDIB\uff0c\u8df3\u8fc7
2026-08-27 16:34:20 [INFO]   20260430: \u5f85\u62c9\u53d6 2/377 \u4e2a ticker (\u5df2\u6709 375 \u8df3\u8fc7)
2026-08-27 16:34:20 [INFO] BDIB batch fetch completed: 2954 bars from 2 ticker-dates
2026-08-27 16:34:20 [INFO] fetch_bdib_for_fills: 2 ticker-dates fetched (0 empty/failed)
2026-08-27 16:34:20 [INFO] Upserted 2954 raw BDIB rows
2026-08-27 16:34:20 [INFO]   20260430: upserted 2954 rows (2954 bars, 2 tickers, 0.8s)
2026-08-27 16:34:21 [INFO]   20260501: \u5168\u90e8 64 \u4e2a ticker \u5df2\u6709 BDIB\uff0c\u8df3\u8fc7
2026-08-27 16:34:21 [INFO]   20260504: \u5f85\u62c9\u53d6 1/578 \u4e2a ticker (\u5df2\u6709 577 \u8df3\u8fc7)
2026-08-27 16:34:21 [INFO] fetch_bdib_for_fills: skipping outdated ticker TITR IM Equity
2026-08-27 16:34:21 [INFO] fetch_bdib_for_fills: no non-outdated pairs to fetch
2026-08-27 16:34:21 [INFO]   20260504: Bloomberg \u8fd4\u56de\u7a7a\uff08\u53ef\u80fd\u8d85\u4fdd\u7559\u7a97\u53e3\u6216\u65e0\u884c\u60c5\uff09
2026-08-27 16:34:22 [INFO]   20260505: \u5f85\u62c9\u53d6 4/431 \u4e2a ticker (\u5df2\u6709 427 \u8df3\u8fc7)
2026-08-27 16:34:22 [INFO] fetch_bdib_for_fills: skipping outdated ticker TITR IM Equity
2026-08-27 16:34:23 [INFO] BDIB batch fetch completed: 4495 bars from 3 ticker-dates
2026-08-27 16:34:23 [INFO] fetch_bdib_for_fills: 3 ticker-dates fetched (0 empty/failed)
2026-08-27 16:34:23 [INFO] Upserted 4495 raw BDIB rows
2026-08-27 16:34:23 [INFO]   20260505: upserted 4495 rows (4495 bars, 4 tickers, 0.9s)
2026-08-27 16:34:24 [INFO]   20260506: \u5168\u90e8 478 \u4e2a ticker \u5df2\u6709 BDIB\uff0c\u8df3\u8fc7
2026-08-27 16:34:24 [INFO]   20260507: \u5f85\u62c9\u53d6 3/469 \u4e2a ticker (\u5df2\u6709 466 \u8df3\u8fc7)
2026-08-27 16:34:24 [INFO] fetch_bdib_for_fills: skipping outdated ticker TITR IM Equity
2026-08-27 16:34:25 [INFO] BDIB batch fetch completed: 3152 bars from 2 ticker-dates
2026-08-27 16:34:25 [INFO] fetch_bdib_for_fills: 2 ticker-dates fetched (0 empty/failed)
2026-08-27 16:34:25 [INFO] Upserted 3152 raw BDIB rows
2026-08-27 16:34:25 [INFO]   20260507: upserted 3152 rows (3152 bars, 3 tickers, 0.7s)
2026-08-27 16:34:26 [INFO]   20260508: \u5f85\u62c9\u53d6 3/495 \u4e2a ticker (\u5df2\u6709 492 \u8df3\u8fc7)
2026-08-27 16:34:27 [INFO] BDIB batch fetch completed: 3829 bars from 3 ticker-dates
2026-08-27 16:34:27 [INFO] fetch_bdib_for_fills: 3 ticker-dates fetched (0 empty/failed)
2026-08-27 16:34:27 [INFO] Upserted 3829 raw BDIB rows
2026-08-27 16:34:27 [INFO]   20260508: upserted 3829 rows (3829 bars, 3 tickers, 0.9s)
2026-08-27 16:34:28 [INFO]   20260513: \u5f85\u62c9\u53d6 25/747 \u4e2a ticker (\u5df2\u6709 722 \u8df3\u8fc7)
2026-08-27 16:34:28 [INFO] fetch_bdib_for_fills: skipping outdated ticker TITR IM Equity
2026-08-27 16:34:33 [INFO] BDIB batch fetch completed: 38764 bars from 24 ticker-dates
2026-08-27 16:34:33 [INFO] fetch_bdib_for_fills: 24 ticker-dates fetched (0 empty/failed)
2026-08-27 16:34:34 [INFO] Upserted 38764 raw BDIB rows
2026-08-27 16:34:34 [INFO]   20260513: upserted 38764 rows (38764 bars, 25 tickers, 5.7s)
2026-08-27 16:34:35 [INFO]   20260514: \u5f85\u62c9\u53d6 23/473 \u4e2a ticker (\u5df2\u6709 450 \u8df3\u8fc7)
2026-08-27 16:34:35 [INFO] fetch_bdib_for_fills: skipping outdated ticker TITR IM Equity
2026-08-27 16:34:41 [INFO] BDIB batch fetch completed: 32098 bars from 22 ticker-dates
2026-08-27 16:34:41 [INFO] fetch_bdib_for_fills: 22 ticker-dates fetched (0 empty/failed)
2026-08-27 16:34:41 [INFO] Upserted 32098 raw BDIB rows
2026-08-27 16:34:41 [INFO]   20260514: upserted 32098 rows (32098 bars, 23 tickers, 6.2s)
2026-08-27 16:34:42 [INFO]   20260515: \u5f85\u62c9\u53d6 30/581 \u4e2a ticker (\u5df2\u6709 551 \u8df3\u8fc7)
2026-08-27 16:34:42 [INFO] fetch_bdib_for_fills: skipping outdated ticker TITR IM Equity
2026-08-27 16:34:48 [INFO] BDIB batch fetch completed: 46723 bars from 29 ticker-dates
2026-08-27 16:34:48 [INFO] fetch_bdib_for_fills: 29 ticker-dates fetched (0 empty/failed)
2026-08-27 16:34:48 [INFO] Upserted 46723 raw BDIB rows
2026-08-27 16:34:48 [INFO]   20260515: upserted 46723 rows (46723 bars, 30 tickers, 6.5s)
2026-08-27 16:34:50 [INFO]   20260518: \u5f85\u62c9\u53d6 32/832 \u4e2a ticker (\u5df2\u6709 800 \u8df3\u8fc7)
2026-08-27 16:34:50 [INFO] fetch_bdib_for_fills: skipping outdated ticker TITR IM Equity
2026-08-27 16:34:57 [INFO] BDIB batch fetch completed: 50678 bars from 31 ticker-dates
2026-08-27 16:34:57 [INFO] fetch_bdib_for_fills: 31 ticker-dates fetched (0 empty/failed)
2026-08-27 16:34:57 [INFO] Upserted 50678 raw BDIB rows
2026-08-27 16:34:57 [INFO]   20260518: upserted 50678 rows (50678 bars, 32 tickers, 7.3s)
2026-08-27 16:34:58 [INFO]   20260519: \u5f85\u62c9\u53d6 38/672 \u4e2a ticker (\u5df2\u6709 634 \u8df3\u8fc7)
2026-08-27 16:34:58 [INFO] fetch_bdib_for_fills: skipping outdated ticker TITR IM Equity
2026-08-27 16:35:07 [INFO] BDIB batch fetch completed: 63266 bars from 37 ticker-dates
2026-08-27 16:35:07 [INFO] fetch_bdib_for_fills: 37 ticker-dates fetched (0 empty/failed)
2026-08-27 16:35:07 [INFO] Upserted 63266 raw BDIB rows
2026-08-27 16:35:07 [INFO]   20260519: upserted 63266 rows (63266 bars, 38 tickers, 9.1s)
2026-08-27 16:35:08 [INFO]   20260520: \u5f85\u62c9\u53d6 25/730 \u4e2a ticker (\u5df2\u6709 705 \u8df3\u8fc7)
2026-08-27 16:35:08 [INFO] fetch_bdib_for_fills: skipping outdated ticker TITR IM Equity
2026-08-27 16:35:13 [INFO] BDIB batch fetch completed: 38685 bars from 24 ticker-dates
2026-08-27 16:35:13 [INFO] fetch_bdib_for_fills: 24 ticker-dates fetched (0 empty/failed)
2026-08-27 16:35:13 [INFO] Upserted 38685 raw BDIB rows
2026-08-27 16:35:13 [INFO]   20260520: upserted 38685 rows (38685 bars, 25 tickers, 5.3s)
2026-08-27 16:35:14 [INFO]   20260521: \u5f85\u62c9\u53d6 27/625 \u4e2a ticker (\u5df2\u6709 598 \u8df3\u8fc7)
2026-08-27 16:35:21 [INFO] BDIB batch fetch completed: 39784 bars from 27 ticker-dates
2026-08-27 16:35:21 [INFO] fetch_bdib_for_fills: 27 ticker-dates fetched (0 empty/failed)
2026-08-27 16:35:21 [INFO] Upserted 39784 raw BDIB rows
2026-08-27 16:35:21 [INFO]   20260521: upserted 39784 rows (39784 bars, 27 tickers, 6.8s)
2026-08-27 16:35:22 [INFO]   20260522: \u5f85\u62c9\u53d6 25/576 \u4e2a ticker (\u5df2\u6709 551 \u8df3\u8fc7)
2026-08-27 16:35:28 [INFO] BDIB batch fetch completed: 37577 bars from 25 ticker-dates
2026-08-27 16:35:28 [INFO] fetch_bdib_for_fills: 25 ticker-dates fetched (0 empty/failed)
2026-08-27 16:35:28 [INFO] Upserted 37577 raw BDIB rows
2026-08-27 16:35:28 [INFO]   20260522: upserted 37577 rows (37577 bars, 25 tickers, 6.1s)
2026-08-27 16:35:29 [INFO]   20260525: \u5f85\u62c9\u53d6 1/269 \u4e2a ticker (\u5df2\u6709 268 \u8df3\u8fc7)
2026-08-27 16:35:29 [INFO] BDIB batch fetch completed: 696 bars from 1 ticker-dates
2026-08-27 16:35:29 [INFO] fetch_bdib_for_fills: 1 ticker-dates fetched (0 empty/failed)
2026-08-27 16:35:29 [INFO] Upserted 696 raw BDIB rows
2026-08-27 16:35:29 [INFO]   20260525: upserted 696 rows (696 bars, 1 tickers, 0.5s)
2026-08-27 16:35:30 [INFO]   20260526: \u5f85\u62c9\u53d6 25/574 \u4e2a ticker (\u5df2\u6709 549 \u8df3\u8fc7)
2026-08-27 16:35:37 [INFO] BDIB batch fetch completed: 38889 bars from 25 ticker-dates
2026-08-27 16:35:37 [INFO] fetch_bdib_for_fills: 25 ticker-dates fetched (0 empty/failed)
2026-08-27 16:35:37 [INFO] Upserted 38889 raw BDIB rows
2026-08-27 16:35:37 [INFO]   20260526: upserted 38889 rows (38889 bars, 25 tickers, 6.7s)
2026-08-27 16:35:38 [INFO]   20260528: \u5f85\u62c9\u53d6 23/596 \u4e2a ticker (\u5df2\u6709 573 \u8df3\u8fc7)
2026-08-27 16:35:43 [INFO] BDIB batch fetch completed: 38889 bars from 23 ticker-dates
2026-08-27 16:35:43 [INFO] fetch_bdib_for_fills: 23 ticker-dates fetched (0 empty/failed)
2026-08-27 16:35:44 [INFO] Upserted 38889 raw BDIB rows
2026-08-27 16:35:44 [INFO]   20260528: upserted 38889 rows (38889 bars, 23 tickers, 5.9s)
2026-08-27 16:35:46 [INFO]   20260529: \u5f85\u62c9\u53d6 39/1591 \u4e2a ticker (\u5df2\u6709 1552 \u8df3\u8fc7)
2026-08-27 16:35:54 [INFO] BDIB batch fetch completed: 61254 bars from 39 ticker-dates
2026-08-27 16:35:54 [INFO] fetch_bdib_for_fills: 39 ticker-dates fetched (0 empty/failed)
2026-08-27 16:35:55 [INFO] Upserted 61254 raw BDIB rows
2026-08-27 16:35:55 [INFO]   20260529: upserted 61254 rows (61254 bars, 39 tickers, 8.5s)
2026-08-27 16:35:56 [INFO]   20260601: \u5f85\u62c9\u53d6 29/1084 \u4e2a ticker (\u5df2\u6709 1055 \u8df3\u8fc7)
2026-08-27 16:36:03 [INFO] BDIB batch fetch completed: 49161 bars from 29 ticker-dates
2026-08-27 16:36:03 [INFO] fetch_bdib_for_fills: 29 ticker-dates fetched (0 empty/failed)
2026-08-27 16:36:03 [INFO] Upserted 49161 raw BDIB rows
2026-08-27 16:36:03 [INFO]   20260601: upserted 49161 rows (49161 bars, 29 tickers, 7.1s)
2026-08-27 16:36:05 [INFO]   20260605: \u5f85\u62c9\u53d6 23/848 \u4e2a ticker (\u5df2\u6709 825 \u8df3\u8fc7)
2026-08-27 16:36:10 [INFO] BDIB batch fetch completed: 32078 bars from 23 ticker-dates
2026-08-27 16:36:10 [INFO] fetch_bdib_for_fills: 23 ticker-dates fetched (0 empty/failed)
2026-08-27 16:36:10 [INFO] Upserted 32078 raw BDIB rows
2026-08-27 16:36:10 [INFO]   20260605: upserted 32078 rows (32078 bars, 23 tickers, 5.4s)
2026-08-27 16:36:11 [INFO]   20260608: \u5f85\u62c9\u53d6 24/649 \u4e2a ticker (\u5df2\u6709 625 \u8df3\u8fc7)
2026-08-27 16:36:16 [INFO] BDIB batch fetch completed: 36417 bars from 24 ticker-dates
2026-08-27 16:36:16 [INFO] fetch_bdib_for_fills: 24 ticker-dates fetched (0 empty/failed)
2026-08-27 16:36:16 [INFO] Upserted 36417 raw BDIB rows
2026-08-27 16:36:16 [INFO]   20260608: upserted 36417 rows (36417 bars, 24 tickers, 5.4s)
2026-08-27 16:36:17 [INFO]   20260609: \u5f85\u62c9\u53d6 24/657 \u4e2a ticker (\u5df2\u6709 633 \u8df3\u8fc7)
2026-08-27 16:36:22 [INFO] BDIB batch fetch completed: 37345 bars from 24 ticker-dates
2026-08-27 16:36:22 [INFO] fetch_bdib_for_fills: 24 ticker-dates fetched (0 empty/failed)
2026-08-27 16:36:23 [INFO] Upserted 37345 raw BDIB rows
2026-08-27 16:36:23 [INFO]   20260609: upserted 37345 rows (37345 bars, 24 tickers, 5.1s)
2026-08-27 16:36:24 [INFO]   20260610: \u5f85\u62c9\u53d6 27/698 \u4e2a ticker (\u5df2\u6709 671 \u8df3\u8fc7)
2026-08-27 16:36:29 [INFO] BDIB batch fetch completed: 40706 bars from 27 ticker-dates
2026-08-27 16:36:29 [INFO] fetch_bdib_for_fills: 27 ticker-dates fetched (0 empty/failed)
2026-08-27 16:36:30 [INFO] Upserted 40706 raw BDIB rows
2026-08-27 16:36:30 [INFO]   20260610: upserted 40706 rows (40706 bars, 27 tickers, 5.9s)
2026-08-27 16:36:31 [INFO]   20260611: \u5f85\u62c9\u53d6 27/709 \u4e2a ticker (\u5df2\u6709 682 \u8df3\u8fc7)
2026-08-27 16:36:36 [INFO] BDIB batch fetch completed: 41366 bars from 27 ticker-dates
2026-08-27 16:36:36 [INFO] fetch_bdib_for_fills: 27 ticker-dates fetched (0 empty/failed)
2026-08-27 16:36:36 [INFO] Upserted 41366 raw BDIB rows
2026-08-27 16:36:36 [INFO]   20260611: upserted 41366 rows (41366 bars, 27 tickers, 5.8s)
2026-08-27 16:36:38 [INFO]   20260612: \u5f85\u62c9\u53d6 27/760 \u4e2a ticker (\u5df2\u6709 733 \u8df3\u8fc7)
2026-08-27 16:36:43 [INFO] BDIB batch fetch completed: 42085 bars from 27 ticker-dates
2026-08-27 16:36:43 [INFO] fetch_bdib_for_fills: 27 ticker-dates fetched (0 empty/failed)
2026-08-27 16:36:44 [INFO] Upserted 42085 raw BDIB rows
2026-08-27 16:36:44 [INFO]   20260612: upserted 42085 rows (42085 bars, 27 tickers, 6.1s)
2026-08-27 16:36:45 [INFO]   20260615: \u5f85\u62c9\u53d6 28/742 \u4e2a ticker (\u5df2\u6709 714 \u8df3\u8fc7)
2026-08-27 16:36:51 [INFO] BDIB batch fetch completed: 43848 bars from 28 ticker-dates
2026-08-27 16:36:51 [INFO] fetch_bdib_for_fills: 28 ticker-dates fetched (0 empty/failed)
2026-08-27 16:36:51 [INFO] Upserted 43848 raw BDIB rows
2026-08-27 16:36:51 [INFO]   20260615: upserted 43848 rows (43848 bars, 28 tickers, 6.5s)
2026-08-27 16:36:52 [INFO]   20260616: \u5f85\u62c9\u53d6 35/741 \u4e2a ticker (\u5df2\u6709 706 \u8df3\u8fc7)
2026-08-27 16:37:00 [INFO] BDIB batch fetch completed: 52540 bars from 35 ticker-dates
2026-08-27 16:37:00 [INFO] fetch_bdib_for_fills: 35 ticker-dates fetched (0 empty/failed)
2026-08-27 16:37:00 [INFO] Upserted 52540 raw BDIB rows
2026-08-27 16:37:00 [INFO]   20260616: upserted 52540 rows (52540 bars, 35 tickers, 7.9s)
2026-08-27 16:37:01 [INFO]   20260617: \u5f85\u62c9\u53d6 27/631 \u4e2a ticker (\u5df2\u6709 604 \u8df3\u8fc7)
2026-08-27 16:37:08 [INFO] BDIB batch fetch completed: 45047 bars from 27 ticker-dates
2026-08-27 16:37:08 [INFO] fetch_bdib_for_fills: 27 ticker-dates fetched (0 empty/failed)
2026-08-27 16:37:08 [INFO] Upserted 45047 raw BDIB rows
2026-08-27 16:37:08 [INFO]   20260617: upserted 45047 rows (45047 bars, 27 tickers, 6.6s)
2026-08-27 16:37:09 [INFO]   20260618: \u5f85\u62c9\u53d6 27/770 \u4e2a ticker (\u5df2\u6709 743 \u8df3\u8fc7)
2026-08-27 16:37:09 [WARNING] No data to save for SATS US Equity / 2026-06-18
2026-08-27 16:37:15 [INFO] BDIB batch fetch completed: 42924 bars from 26 ticker-dates
2026-08-27 16:37:15 [INFO] fetch_bdib_for_fills: 26 ticker-dates fetched (1 empty/failed)
2026-08-27 16:37:16 [INFO] Upserted 42924 raw BDIB rows
2026-08-27 16:37:16 [INFO]   20260618: upserted 42924 rows (42924 bars, 27 tickers, 6.7s)
2026-08-27 16:37:17 [INFO]   20260619: \u5f85\u62c9\u53d6 4/458 \u4e2a ticker (\u5df2\u6709 454 \u8df3\u8fc7)
2026-08-27 16:37:18 [INFO] BDIB batch fetch completed: 6087 bars from 4 ticker-dates
2026-08-27 16:37:18 [INFO] fetch_bdib_for_fills: 4 ticker-dates fetched (0 empty/failed)
2026-08-27 16:37:18 [INFO] Upserted 6087 raw BDIB rows
2026-08-27 16:37:18 [INFO]   20260619: upserted 6087 rows (6087 bars, 4 tickers, 1.1s)
2026-08-27 16:37:19 [INFO]   20260622: \u5f85\u62c9\u53d6 25/598 \u4e2a ticker (\u5df2\u6709 573 \u8df3\u8fc7)
2026-08-27 16:37:24 [INFO] BDIB batch fetch completed: 37997 bars from 25 ticker-dates
2026-08-27 16:37:24 [INFO] fetch_bdib_for_fills: 25 ticker-dates fetched (0 empty/failed)
2026-08-27 16:37:25 [INFO] Upserted 37997 raw BDIB rows
2026-08-27 16:37:25 [INFO]   20260622: upserted 37997 rows (37997 bars, 25 tickers, 6.1s)
2026-08-27 16:37:26 [INFO]   20260623: \u5f85\u62c9\u53d6 32/945 \u4e2a ticker (\u5df2\u6709 913 \u8df3\u8fc7)
2026-08-27 16:37:31 [WARNING] No data to save for SATS US Equity / 2026-06-23
2026-08-27 16:37:33 [INFO] BDIB batch fetch completed: 47295 bars from 31 ticker-dates
2026-08-27 16:37:33 [INFO] fetch_bdib_for_fills: 31 ticker-dates fetched (1 empty/failed)
2026-08-27 16:37:33 [INFO] Upserted 47295 raw BDIB rows
2026-08-27 16:37:33 [INFO]   20260623: upserted 47295 rows (47295 bars, 32 tickers, 6.9s)
2026-08-27 16:37:34 [INFO]   20260624: \u5f85\u62c9\u53d6 35/840 \u4e2a ticker (\u5df2\u6709 805 \u8df3\u8fc7)
2026-08-27 16:37:42 [INFO] BDIB batch fetch completed: 61446 bars from 35 ticker-dates
2026-08-27 16:37:42 [INFO] fetch_bdib_for_fills: 35 ticker-dates fetched (0 empty/failed)
2026-08-27 16:37:42 [INFO] Upserted 61446 raw BDIB rows
2026-08-27 16:37:42 [INFO]   20260624: upserted 61446 rows (61446 bars, 35 tickers, 8.1s)
2026-08-27 16:37:48 [INFO]   20260625: \u5f85\u62c9\u53d6 31/762 \u4e2a ticker (\u5df2\u6709 731 \u8df3\u8fc7)
2026-08-27 16:37:56 [INFO] BDIB batch fetch completed: 53084 bars from 31 ticker-dates
2026-08-27 16:37:56 [INFO] fetch_bdib_for_fills: 31 ticker-dates fetched (0 empty/failed)
2026-08-27 16:37:56 [INFO] Upserted 53084 raw BDIB rows
2026-08-27 16:37:56 [INFO]   20260625: upserted 53084 rows (53084 bars, 31 tickers, 8.5s)
2026-08-27 16:38:02 [INFO]   20260626: \u5f85\u62c9\u53d6 32/812 \u4e2a ticker (\u5df2\u6709 780 \u8df3\u8fc7)
2026-08-27 16:38:10 [INFO] BDIB batch fetch completed: 53886 bars from 32 ticker-dates
2026-08-27 16:38:10 [INFO] fetch_bdib_for_fills: 32 ticker-dates fetched (0 empty/failed)
2026-08-27 16:38:10 [INFO] Upserted 53886 raw BDIB rows
2026-08-27 16:38:10 [INFO]   20260626: upserted 53886 rows (53886 bars, 32 tickers, 8.0s)
2026-08-27 16:38:19 [INFO]   20260629: \u5f85\u62c9\u53d6 35/1089 \u4e2a ticker (\u5df2\u6709 1054 \u8df3\u8fc7)
2026-08-27 16:38:26 [INFO] BDIB batch fetch completed: 55436 bars from 35 ticker-dates
2026-08-27 16:38:26 [INFO] fetch_bdib_for_fills: 35 ticker-dates fetched (0 empty/failed)
2026-08-27 16:38:26 [INFO] Upserted 55436 raw BDIB rows
2026-08-27 16:38:26 [INFO]   20260629: upserted 55436 rows (55436 bars, 35 tickers, 7.5s)
2026-08-27 16:38:34 [INFO]   20260630: \u5f85\u62c9\u53d6 19/1033 \u4e2a ticker (\u5df2\u6709 1014 \u8df3\u8fc7)
2026-08-27 16:38:37 [INFO] BDIB batch fetch completed: 24154 bars from 19 ticker-dates
2026-08-27 16:38:37 [INFO] fetch_bdib_for_fills: 19 ticker-dates fetched (0 empty/failed)
2026-08-27 16:38:37 [INFO] Upserted 24154 raw BDIB rows
2026-08-27 16:38:37 [INFO]   20260630: upserted 24154 rows (24154 bars, 19 tickers, 3.8s)
2026-08-27 16:38:44 [INFO]   20260701: \u5f85\u62c9\u53d6 36/774 \u4e2a ticker (\u5df2\u6709 738 \u8df3\u8fc7)
2026-08-27 16:38:52 [INFO] BDIB batch fetch completed: 60158 bars from 36 ticker-dates
2026-08-27 16:38:52 [INFO] fetch_bdib_for_fills: 36 ticker-dates fetched (0 empty/failed)
2026-08-27 16:38:53 [INFO] Upserted 60158 raw BDIB rows
2026-08-27 16:38:53 [INFO]   20260701: upserted 60158 rows (60158 bars, 36 tickers, 8.9s)
2026-08-27 16:39:00 [INFO]   20260702: \u5f85\u62c9\u53d6 32/969 \u4e2a ticker (\u5df2\u6709 937 \u8df3\u8fc7)
2026-08-27 16:39:07 [INFO] BDIB batch fetch completed: 54276 bars from 32 ticker-dates
2026-08-27 16:39:07 [INFO] fetch_bdib_for_fills: 32 ticker-dates fetched (0 empty/failed)
2026-08-27 16:39:08 [INFO] Upserted 54276 raw BDIB rows
2026-08-27 16:39:08 [INFO]   20260702: upserted 54276 rows (54276 bars, 32 tickers, 7.5s)
2026-08-27 16:39:09 [INFO]   20260703: \u5f85\u62c9\u53d6 1/82 \u4e2a ticker (\u5df2\u6709 81 \u8df3\u8fc7)
2026-08-27 16:39:09 [INFO] BDIB batch fetch completed: 457 bars from 1 ticker-dates
2026-08-27 16:39:09 [INFO] fetch_bdib_for_fills: 1 ticker-dates fetched (0 empty/failed)
2026-08-27 16:39:09 [INFO] Upserted 457 raw BDIB rows
2026-08-27 16:39:09 [INFO]   20260703: upserted 457 rows (457 bars, 1 tickers, 0.4s)
2026-08-27 16:39:12 [INFO]   20260709: \u5168\u90e8 405 \u4e2a ticker \u5df2\u6709 BDIB\uff0c\u8df3\u8fc7
2026-08-27 16:39:15 [INFO]   20260710: \u5168\u90e8 421 \u4e2a ticker \u5df2\u6709 BDIB\uff0c\u8df3\u8fc7
2026-08-27 16:39:18 [INFO]   20260713: \u5168\u90e8 637 \u4e2a ticker \u5df2\u6709 BDIB\uff0c\u8df3\u8fc7
2026-08-27 16:39:23 [INFO]   20260714: \u5168\u90e8 729 \u4e2a ticker \u5df2\u6709 BDIB\uff0c\u8df3\u8fc7
2026-08-27 16:39:25 [INFO]   20260715: \u5168\u90e8 380 \u4e2a ticker \u5df2\u6709 BDIB\uff0c\u8df3\u8fc7
2026-08-27 16:39:28 [INFO]   20260716: \u5168\u90e8 537 \u4e2a ticker \u5df2\u6709 BDIB\uff0c\u8df3\u8fc7
2026-08-27 16:39:31 [INFO]   20260717: \u5168\u90e8 428 \u4e2a ticker \u5df2\u6709 BDIB\uff0c\u8df3\u8fc7
2026-08-27 16:39:34 [INFO]   20260720: \u5168\u90e8 440 \u4e2a ticker \u5df2\u6709 BDIB\uff0c\u8df3\u8fc7
2026-08-27 16:39:37 [INFO]   20260721: \u5168\u90e8 501 \u4e2a ticker \u5df2\u6709 BDIB\uff0c\u8df3\u8fc7
2026-08-27 16:39:41 [INFO]   20260722: \u5f85\u62c9\u53d6 47/654 \u4e2a ticker (\u5df2\u6709 607 \u8df3\u8fc7)
2026-08-27 16:39:49 [INFO] BDIB batch fetch completed: 66858 bars from 47 ticker-dates
2026-08-27 16:39:49 [INFO] fetch_bdib_for_fills: 47 ticker-dates fetched (0 empty/failed)
2026-08-27 16:39:49 [INFO] Upserted 66858 raw BDIB rows
2026-08-27 16:39:49 [INFO]   20260722: upserted 66858 rows (66858 bars, 47 tickers, 8.8s)
2026-08-27 16:39:53 [INFO]   20260723: \u5168\u90e8 507 \u4e2a ticker \u5df2\u6709 BDIB\uff0c\u8df3\u8fc7
2026-08-27 16:39:56 [INFO]   20260724: \u5168\u90e8 499 \u4e2a ticker \u5df2\u6709 BDIB\uff0c\u8df3\u8fc7
2026-08-27 16:40:00 [INFO]   20260727: \u5168\u90e8 634 \u4e2a ticker \u5df2\u6709 BDIB\uff0c\u8df3\u8fc7
2026-08-27 16:40:05 [INFO]   20260728: \u5168\u90e8 729 \u4e2a ticker \u5df2\u6709 BDIB\uff0c\u8df3\u8fc7
2026-08-27 16:40:11 [INFO]   20260729: \u5168\u90e8 960 \u4e2a ticker \u5df2\u6709 BDIB\uff0c\u8df3\u8fc7
2026-08-27 16:40:14 [INFO]   20260730: \u5168\u90e8 458 \u4e2a ticker \u5df2\u6709 BDIB\uff0c\u8df3\u8fc7
2026-08-27 16:40:19 [INFO]   20260731: \u5168\u90e8 732 \u4e2a ticker \u5df2\u6709 BDIB\uff0c\u8df3\u8fc7
2026-08-27 16:40:20 [INFO]   20260803: \u5168\u90e8 689 \u4e2a ticker \u5df2\u6709 BDIB\uff0c\u8df3\u8fc7
2026-08-27 16:40:22 [INFO]   20260804: \u5168\u90e8 777 \u4e2a ticker \u5df2\u6709 BDIB\uff0c\u8df3\u8fc7
2026-08-27 16:40:23 [INFO]   20260805: \u5168\u90e8 579 \u4e2a ticker \u5df2\u6709 BDIB\uff0c\u8df3\u8fc7
2026-08-27 16:40:25 [INFO]   20260806: \u5168\u90e8 696 \u4e2a ticker \u5df2\u6709 BDIB\uff0c\u8df3\u8fc7
2026-08-27 16:40:27 [INFO]   20260807: \u5168\u90e8 633 \u4e2a ticker \u5df2\u6709 BDIB\uff0c\u8df3\u8fc7
2026-08-27 16:40:28 [INFO]   20260810: \u5168\u90e8 447 \u4e2a ticker \u5df2\u6709 BDIB\uff0c\u8df3\u8fc7
2026-08-27 16:40:28 [INFO]   20260811: \u5168\u90e8 430 \u4e2a ticker \u5df2\u6709 BDIB\uff0c\u8df3\u8fc7
2026-08-27 16:40:29 [INFO]   20260812: \u5168\u90e8 511 \u4e2a ticker \u5df2\u6709 BDIB\uff0c\u8df3\u8fc7
2026-08-27 16:40:30 [INFO]   20260813: \u5168\u90e8 469 \u4e2a ticker \u5df2\u6709 BDIB\uff0c\u8df3\u8fc7
2026-08-27 16:40:31 [INFO]   20260814: \u5168\u90e8 464 \u4e2a ticker \u5df2\u6709 BDIB\uff0c\u8df3\u8fc7
2026-08-27 16:40:32 [INFO]   20260817: \u5168\u90e8 515 \u4e2a ticker \u5df2\u6709 BDIB\uff0c\u8df3\u8fc7
2026-08-27 16:40:33 [INFO]   20260818: \u5168\u90e8 529 \u4e2a ticker \u5df2\u6709 BDIB\uff0c\u8df3\u8fc7
2026-08-27 16:40:35 [INFO]   20260819: \u5168\u90e8 599 \u4e2a ticker \u5df2\u6709 BDIB\uff0c\u8df3\u8fc7
2026-08-27 16:40:36 [INFO]   20260820: \u5168\u90e8 640 \u4e2a ticker \u5df2\u6709 BDIB\uff0c\u8df3\u8fc7
2026-08-27 16:40:37 [INFO]   20260821: \u5168\u90e8 559 \u4e2a ticker \u5df2\u6709 BDIB\uff0c\u8df3\u8fc7
2026-08-27 16:40:39 [INFO]   20260824: \u5168\u90e8 879 \u4e2a ticker \u5df2\u6709 BDIB\uff0c\u8df3\u8fc7
2026-08-27 16:40:40 [INFO]   20260825: \u5168\u90e8 732 \u4e2a ticker \u5df2\u6709 BDIB\uff0c\u8df3\u8fc7
2026-08-27 16:40:41 [INFO]   20260826: \u5168\u90e8 835 \u4e2a ticker \u5df2\u6709 BDIB\uff0c\u8df3\u8fc7
2026-08-27 16:40:41 [INFO] ============================================================
2026-08-27 16:40:41 [INFO] \u56de\u8865\u5b8c\u6210: 57 \u4e2a\u65e5\u671f, 986 \u4e2a ticker-date, 1491322 \u884c\u5199\u5165
2026-08-27 16:40:41 [INFO] ============================================================
